Component: ARM Compiler 5.06 update 5 (build 528) Tool: armlink [4d35e2]

==============================================================================

Section Cross References

    startup_stm32f103xb.o(RESET) refers to startup_stm32f103xb.o(STACK) for __initial_sp
    startup_stm32f103xb.o(RESET) refers to startup_stm32f103xb.o(.text) for Reset_Handler
    startup_stm32f103xb.o(RESET) refers to stm32f1xx_it.o(i.NMI_Handler) for NMI_Handler
    startup_stm32f103xb.o(RESET) refers to stm32f1xx_it.o(i.HardFault_Handler) for HardFault_Handler
    startup_stm32f103xb.o(RESET) refers to stm32f1xx_it.o(i.MemManage_Handler) for MemManage_Handler
    startup_stm32f103xb.o(RESET) refers to stm32f1xx_it.o(i.BusFault_Handler) for BusFault_Handler
    startup_stm32f103xb.o(RESET) refers to stm32f1xx_it.o(i.UsageFault_Handler) for UsageFault_Handler
    startup_stm32f103xb.o(RESET) refers to stm32f1xx_it.o(i.SVC_Handler) for SVC_Handler
    startup_stm32f103xb.o(RESET) refers to stm32f1xx_it.o(i.DebugMon_Handler) for DebugMon_Handler
    startup_stm32f103xb.o(RESET) refers to stm32f1xx_it.o(i.PendSV_Handler) for PendSV_Handler
    startup_stm32f103xb.o(RESET) refers to stm32f1xx_it.o(i.SysTick_Handler) for SysTick_Handler
    startup_stm32f103xb.o(RESET) refers to stm32f1xx_it.o(i.TIM1_UP_IRQHandler) for TIM1_UP_IRQHandler
    startup_stm32f103xb.o(RESET) refers to stm32f1xx_it.o(i.TIM2_IRQHandler) for TIM2_IRQHandler
    startup_stm32f103xb.o(RESET) refers to stm32f1xx_it.o(i.USART1_IRQHandler) for USART1_IRQHandler
    startup_stm32f103xb.o(RESET) refers to stm32f1xx_it.o(i.USART2_IRQHandler) for USART2_IRQHandler
    startup_stm32f103xb.o(RESET) refers to stm32f1xx_it.o(i.USART3_IRQHandler) for USART3_IRQHandler
    startup_stm32f103xb.o(.text) refers to system_stm32f1xx.o(i.SystemInit) for SystemInit
    startup_stm32f103xb.o(.text) refers to entry.o(.ARM.Collect$$$$00000000) for __main
    main.o(i.SystemClock_Config) refers to memseta.o(.text) for __aeabi_memclr4
    main.o(i.SystemClock_Config) refers to stm32f1xx_hal_rcc.o(i.HAL_RCC_OscConfig) for HAL_RCC_OscConfig
    main.o(i.SystemClock_Config) refers to stm32f1xx_hal_rcc.o(i.HAL_RCC_ClockConfig) for HAL_RCC_ClockConfig
    main.o(i.main) refers to stm32f1xx_hal.o(i.HAL_Init) for HAL_Init
    main.o(i.main) refers to main.o(i.SystemClock_Config) for SystemClock_Config
    main.o(i.main) refers to gpio.o(i.MX_GPIO_Init) for MX_GPIO_Init
    main.o(i.main) refers to usart.o(i.MX_USART1_UART_Init) for MX_USART1_UART_Init
    main.o(i.main) refers to tim.o(i.MX_TIM4_Init) for MX_TIM4_Init
    main.o(i.main) refers to usart.o(i.MX_USART3_UART_Init) for MX_USART3_UART_Init
    main.o(i.main) refers to tim.o(i.MX_TIM1_Init) for MX_TIM1_Init
    main.o(i.main) refers to tim.o(i.MX_TIM2_Init) for MX_TIM2_Init
    main.o(i.main) refers to usart.o(i.MX_USART2_UART_Init) for MX_USART2_UART_Init
    main.o(i.main) refers to run.o(i.Init) for Init
    main.o(i.main) refers to run.o(i.Run) for Run
    gpio.o(i.MX_GPIO_Init) refers to stm32f1xx_hal_gpio.o(i.HAL_GPIO_WritePin) for HAL_GPIO_WritePin
    gpio.o(i.MX_GPIO_Init) refers to stm32f1xx_hal_gpio.o(i.HAL_GPIO_Init) for HAL_GPIO_Init
    tim.o(i.HAL_TIM_Base_MspDeInit) refers to stm32f1xx_hal_cortex.o(i.HAL_NVIC_DisableIRQ) for HAL_NVIC_DisableIRQ
    tim.o(i.HAL_TIM_Base_MspInit) refers to stm32f1xx_hal_cortex.o(i.HAL_NVIC_SetPriority) for HAL_NVIC_SetPriority
    tim.o(i.HAL_TIM_Base_MspInit) refers to stm32f1xx_hal_cortex.o(i.HAL_NVIC_EnableIRQ) for HAL_NVIC_EnableIRQ
    tim.o(i.HAL_TIM_MspPostInit) refers to stm32f1xx_hal_gpio.o(i.HAL_GPIO_Init) for HAL_GPIO_Init
    tim.o(i.MX_TIM1_Init) refers to stm32f1xx_hal_tim.o(i.HAL_TIM_Base_Init) for HAL_TIM_Base_Init
    tim.o(i.MX_TIM1_Init) refers to main.o(i.Error_Handler) for Error_Handler
    tim.o(i.MX_TIM1_Init) refers to stm32f1xx_hal_tim.o(i.HAL_TIM_ConfigClockSource) for HAL_TIM_ConfigClockSource
    tim.o(i.MX_TIM1_Init) refers to stm32f1xx_hal_tim_ex.o(i.HAL_TIMEx_MasterConfigSynchronization) for HAL_TIMEx_MasterConfigSynchronization
    tim.o(i.MX_TIM1_Init) refers to tim.o(.bss) for .bss
    tim.o(i.MX_TIM2_Init) refers to stm32f1xx_hal_tim.o(i.HAL_TIM_Base_Init) for HAL_TIM_Base_Init
    tim.o(i.MX_TIM2_Init) refers to main.o(i.Error_Handler) for Error_Handler
    tim.o(i.MX_TIM2_Init) refers to stm32f1xx_hal_tim.o(i.HAL_TIM_ConfigClockSource) for HAL_TIM_ConfigClockSource
    tim.o(i.MX_TIM2_Init) refers to stm32f1xx_hal_tim_ex.o(i.HAL_TIMEx_MasterConfigSynchronization) for HAL_TIMEx_MasterConfigSynchronization
    tim.o(i.MX_TIM2_Init) refers to tim.o(.bss) for .bss
    tim.o(i.MX_TIM4_Init) refers to memseta.o(.text) for __aeabi_memclr4
    tim.o(i.MX_TIM4_Init) refers to stm32f1xx_hal_tim.o(i.HAL_TIM_PWM_Init) for HAL_TIM_PWM_Init
    tim.o(i.MX_TIM4_Init) refers to main.o(i.Error_Handler) for Error_Handler
    tim.o(i.MX_TIM4_Init) refers to stm32f1xx_hal_tim_ex.o(i.HAL_TIMEx_MasterConfigSynchronization) for HAL_TIMEx_MasterConfigSynchronization
[...]
    .text                                    0x08000204   Section        0  dadd.o(.text)
    .text                                    0x08000352   Section        0  dmul.o(.text)
    .text                                    0x08000436   Section        0  ddiv.o(.text)
    .text                                    0x08000514   Section        0  ffltui.o(.text)
    .text                                    0x0800051e   Section        0  dfixui.o(.text)
    .text                                    0x08000550   Section        0  f2d.o(.text)
    .text                                    0x08000578   Section       48  cdrcmple.o(.text)
    .text                                    0x080005a8   Section        0  uidiv.o(.text)
    .text                                    0x080005d4   Section        0  uldiv.o(.text)
    .text                                    0x08000636   Section        0  llshl.o(.text)
    .text                                    0x08000654   Section        0  llsshr.o(.text)
    .text                                    0x08000678   Section        0  fepilogue.o(.text)
    .text                                    0x08000678   Section        0  iusefp.o(.text)
    .text                                    0x080006e6   Section        0  depilogue.o(.text)
    .text                                    0x080007a0   Section        0  dfixul.o(.text)
    .text                                    0x080007d0   Section       36  init.o(.text)
    .text                                    0x080007f4   Section        0  __dczerorl2.o(.text)
    i.BusFault_Handler                       0x0800084a   Section        0  stm32f1xx_it.o(i.BusFault_Handler)
    i.Ctrl                                   0x0800084c   Section        0  run.o(i.Ctrl)
    Ctrl                                     0x0800084d   Thumb Code   838  run.o(i.Ctrl)
    i.DebugMon_Handler                       0x08000be8   Section        0  stm32f1xx_it.o(i.DebugMon_Handler)
    i.Delay_ms                               0x08000bea   Section        0  delay.o(i.Delay_ms)
    i.Delay_us                               0x08000c00   Section        0  delay.o(i.Delay_us)
    i.EM2000X_Init                           0x08000c20   Section        0  em2000x.o(i.EM2000X_Init)
    i.EM2000X_ReceiveData                    0x08000c34   Section        0  em2000x.o(i.EM2000X_ReceiveData)
    i.EM2000X_WaitReceive                    0x08000c74   Section        0  em2000x.o(i.EM2000X_WaitReceive)
    i.EMX2000X_ClearBuff                     0x08000ca8   Section        0  em2000x.o(i.EMX2000X_ClearBuff)
    i.Error_Handler                          0x08000cc4   Section        0  main.o(i.Error_Handler)
    i.HAL_DMA_Abort                          0x08000cc8   Section        0  stm32f1xx_hal_dma.o(i.HAL_DMA_Abort)
    i.HAL_DMA_Abort_IT                       0x08000d10   Section        0  stm32f1xx_hal_dma.o(i.HAL_DMA_Abort_IT)
    i.HAL_GPIO_Init                          0x08000da8   Section        0  stm32f1xx_hal_gpio.o(i.HAL_GPIO_Init)
    i.HAL_GPIO_ReadPin                       0x08000f88   Section        0  stm32f1xx_hal_gpio.o(i.HAL_GPIO_ReadPin)
    i.HAL_GPIO_WritePin                      0x08000f92   Section        0  stm32f1xx_hal_gpio.o(i.HAL_GPIO_WritePin)
    i.HAL_GetTick                            0x08000f9c   Section        0  stm32f1xx_hal.o(i.HAL_GetTick)
    i.HAL_IncTick                            0x08000fa8   Section        0  stm32f1xx_hal.o(i.HAL_IncTick)
    i.HAL_Init                               0x08000fb8   Section        0  stm32f1xx_hal.o(i.HAL_Init)
    i.HAL_InitTick                           0x08000fdc   Section        0  stm32f1xx_hal.o(i.HAL_InitTick)
    i.HAL_MspInit                            0x0800101c   Section        0  stm32f1xx_hal_msp.o(i.HAL_MspInit)
    i.HAL_NVIC_EnableIRQ                     0x08001058   Section        0  stm32f1xx_hal_cortex.o(i.HAL_NVIC_EnableIRQ)
    i.HAL_NVIC_SetPriority                   0x08001074   Section        0  stm32f1xx_hal_cortex.o(i.HAL_NVIC_SetPriority)
    i.HAL_NVIC_SetPriorityGrouping           0x080010b4   Section        0  stm32f1xx_hal_cortex.o(i.HAL_NVIC_SetPriorityGrouping)
    i.HAL_RCC_ClockConfig                    0x080010d8   Section        0  stm32f1xx_hal_rcc.o(i.HAL_RCC_ClockConfig)
    i.HAL_RCC_GetPCLK1Freq                   0x08001204   Section        0  stm32f1xx_hal_rcc.o(i.HAL_RCC_GetPCLK1Freq)
    i.HAL_RCC_GetPCLK2Freq                   0x08001224   Section        0  stm32f1xx_hal_rcc.o(i.HAL_RCC_GetPCLK2Freq)
    i.HAL_RCC_GetSysClockFreq                0x08001244   Section        0  stm32f1xx_hal_rcc.o(i.HAL_RCC_GetSysClockFreq)
    i.HAL_RCC_OscConfig                      0x08001290   Section        0  stm32f1xx_hal_rcc.o(i.HAL_RCC_OscConfig)
    i.HAL_SYSTICK_Config                     0x080015b0   Section        0  stm32f1xx_hal_cortex.o(i.HAL_SYSTICK_Config)
    i.HAL_TIMEx_BreakCallback                0x080015d8   Section        0  stm32f1xx_hal_tim_ex.o(i.HAL_TIMEx_BreakCallback)
    i.HAL_TIMEx_CommutCallback               0x080015da   Section        0  stm32f1xx_hal_tim_ex.o(i.HAL_TIMEx_CommutCallback)
    i.HAL_TIMEx_MasterConfigSynchronization  0x080015dc   Section        0  stm32f1xx_hal_tim_ex.o(i.HAL_TIMEx_MasterConfigSynchronization)
    i.HAL_TIM_Base_Init                      0x08001644   Section        0  stm32f1xx_hal_tim.o(i.HAL_TIM_Base_Init)
    i.HAL_TIM_Base_MspInit                   0x080016a0   Section        0  tim.o(i.HAL_TIM_Base_MspInit)
    i.HAL_TIM_Base_Start_IT                  0x08001700   Section        0  stm32f1xx_hal_tim.o(i.HAL_TIM_Base_Start_IT)
    i.HAL_TIM_ConfigClockSource              0x08001758   Section        0  stm32f1xx_hal_tim.o(i.HAL_TIM_ConfigClockSource)
    i.HAL_TIM_IC_CaptureCallback             0x08001834   Section        0  stm32f1xx_hal_tim.o(i.HAL_TIM_IC_CaptureCallback)
    i.HAL_TIM_IRQHandler                     0x08001836   Section        0  stm32f1xx_hal_tim.o(i.HAL_TIM_IRQHandler)
    i.HAL_TIM_MspPostInit                    0x08001968   Section        0  tim.o(i.HAL_TIM_MspPostInit)
    i.HAL_TIM_OC_DelayElapsedCallback        0x080019b4   Section        0  stm32f1xx_hal_tim.o(i.HAL_TIM_OC_DelayElapsedCallback)
    i.HAL_TIM_PWM_ConfigChannel              0x080019b6   Section        0  stm32f1xx_hal_tim.o(i.HAL_TIM_PWM_ConfigChannel)
    i.HAL_TIM_PWM_Init                       0x08001a82   Section        0  stm32f1xx_hal_tim.o(i.HAL_TIM_PWM_Init)
    i.HAL_TIM_PWM_MspInit                    0x08001adc   Section        0  tim.o(i.HAL_TIM_PWM_MspInit)
    i.HAL_TIM_PWM_PulseFinishedCallback      0x08001b04   Section        0  stm32f1xx_hal_tim.o(i.HAL_TIM_PWM_PulseFinishedCallback)
    i.HAL_TIM_PWM_Start                      0x08001b08   Section        0  stm32f1xx_hal_tim.o(i.HAL_TIM_PWM_Start)
    i.HAL_TIM_PeriodElapsedCallback          0x08001ba4   Section        0  timer.o(i.HAL_TIM_PeriodElapsedCallback)
    i.HAL_TIM_TriggerCallback                0x08001c30   Section        0  stm32f1xx_hal_tim.o(i.HAL_TIM_TriggerCallback)
    i.HAL_UARTEx_RxEventCallback             0x08001c32   Section        0  stm32f1xx_hal_uart.o(i.HAL_UARTEx_RxEventCallback)
    i.HAL_UART_ErrorCallback                 0x08001c34   Section        0  stm32f1xx_hal_uart.o(i.HAL_UART_ErrorCallback)
    i.HAL_UART_IRQHandler                    0x08001c38   Section        0  stm32f1xx_hal_uart.o(i.HAL_UART_IRQHandler)
    i.HAL_UART_Init                          0x08001ea4   Section        0  stm32f1xx_hal_uart.o(i.HAL_UART_Init)
    i.HAL_UART_MspInit                       0x08001f08   Section        0  usart.o(i.HAL_UART_MspInit)
    i.HAL_UART_Receive_IT                    0x0800203c   Section        0  stm32f1xx_hal_uart.o(i.HAL_UART_Receive_IT)
    i.HAL_UART_RxCpltCallback                0x08002058   Section        0  uart.o(i.HAL_UART_RxCpltCallback)
    i.HAL_UART_TxCpltCallback                0x080020bc   Section        0  stm32f1xx_hal_uart.o(i.HAL_UART_TxCpltCallback)
    i.HardFault_Handler                      0x080020be   Section        0  stm32f1xx_it.o(i.HardFault_Handler)
    i.I2C_R_SDA                              0x080020c0   Section        0  iic.o(i.I2C_R_SDA)
    I2C_R_SDA                                0x080020c1   Thumb Code    24  iic.o(i.I2C_R_SDA)
    i.I2C_SendByte                           0x080020dc   Section        0  iic.o(i.I2C_SendByte)
    I2C_SendByte                             0x080020dd   Thumb Code    38  iic.o(i.I2C_SendByte)
    i.I2C_Start                              0x08002102   Section        0  iic.o(i.I2C_Start)
    I2C_Start                                0x08002103   Thumb Code    30  iic.o(i.I2C_Start)
    i.I2C_Stop                               0x08002120   Section        0  iic.o(i.I2C_Stop)
    I2C_Stop                                 0x08002121   Thumb Code    24  iic.o(i.I2C_Stop)
    i.I2C_W_SCL                              0x08002138   Section        0  iic.o(i.I2C_W_SCL)
    I2C_W_SCL                                0x08002139   Thumb Code    26  iic.o(i.I2C_W_SCL)
    i.I2C_W_SDA                              0x08002158   Section        0  iic.o(i.I2C_W_SDA)
    I2C_W_SDA                                0x08002159   Thumb Code    26  iic.o(i.I2C_W_SDA)
    i.I2C_WaitAck                            0x08002178   Section        0  iic.o(i.I2C_WaitAck)
    I2C_WaitAck                              0x08002179   Thumb Code    30  iic.o(i.I2C_WaitAck)
    i.I2C_WriteReg                           0x08002198   Section        0  iic.o(i.I2C_WriteReg)
    i.I2C_Write_Regs                         0x080021e0   Section        0  iic.o(i.I2C_Write_Regs)
    i.IIC_Dev_WriteReg                       0x08002222   Section        0  iic_manager.o(i.IIC_Dev_WriteReg)
    i.IIC_Dev_Write_Regs                     0x0800222e   Section        0  iic_manager.o(i.IIC_Dev_Write_Regs)
    i.Init                                   0x08002240   Section        0  run.o(i.Init)
    i.JQ8900_Init                            0x08002448   Section        0  jq8900.o(i.JQ8900_Init)
    i.JQ8900_Play                            0x08002458   Section        0  jq8900.o(i.JQ8900_Play)
    i.JQ8900_Read_Bus                        0x080024a4   Section        0  jq8900.o(i.JQ8900_Read_Bus)
    i.JQ8900_Send_Cmd                        0x080024b4   Section        0  jq8900.o(i.JQ8900_Send_Cmd)
    i.JQ8900_Set_Volume                      0x08002516   Section        0  jq8900.o(i.JQ8900_Set_Volume)
    i.JQ8900_W_GPIO                          0x08002544   Section        0  jq8900.o(i.JQ8900_W_GPIO)
    JQ8900_W_GPIO                            0x08002545   Thumb Code    14  jq8900.o(i.JQ8900_W_GPIO)
    i.Key_Dev_Reg                            0x08002558   Section        0  key.o(i.Key_Dev_Reg)
    i.Key_Tim_ISR_Opr                        0x080025cc   Section        0  key.o(i.Key_Tim_ISR_Opr)
    Key_Tim_ISR_Opr                          0x080025cd   Thumb Code   168  key.o(i.Key_Tim_ISR_Opr)
    i.Key_Tim_Init                           0x08002684   Section        0  key.o(i.Key_Tim_Init)
    Key_Tim_Init                             0x08002685   Thumb Code     6  key.o(i.Key_Tim_Init)
    i.Key_Tim_Opr                            0x0800268c   Section        0  key.o(i.Key_Tim_Opr)
    Key_Tim_Opr                              0x0800268d   Thumb Code   130  key.o(i.Key_Tim_Opr)
    i.MX_GPIO_Init                           0x0800271c   Section        0  gpio.o(i.MX_GPIO_Init)
    i.MX_TIM1_Init                           0x080027d4   Section        0  tim.o(i.MX_TIM1_Init)
    i.MX_TIM2_Init                           0x08002840   Section        0  tim.o(i.MX_TIM2_Init)
    i.MX_TIM4_Init                           0x080028a8   Section        0  tim.o(i.MX_TIM4_Init)
    i.MX_USART1_UART_Init                    0x08002928   Section        0  usart.o(i.MX_USART1_UART_Init)
    i.MX_USART2_UART_Init                    0x08002960   Section        0  usart.o(i.MX_USART2_UART_Init)
    i.MX_USART3_UART_Init                    0x08002998   Section        0  usart.o(i.MX_USART3_UART_Init)
    i.MemManage_Handler                      0x080029d0   Section        0  stm32f1xx_it.o(i.MemManage_Handler)
    i.NMI_Handler                            0x080029d2   Section        0  stm32f1xx_it.o(i.NMI_Handler)
    i.OLED_Clear                             0x080029d4   Section        0  oled.o(i.OLED_Clear)
    i.OLED_ClearArea                         0x080029fc   Section        0  oled.o(i.OLED_ClearArea)
    i.OLED_IIC_Init                          0x08002a58   Section        0  oled.o(i.OLED_IIC_Init)
    OLED_IIC_Init                            0x08002a59   Thumb Code   172  oled.o(i.OLED_IIC_Init)
    i.OLED_IIC_SoftwareReg                   0x08002b04   Section        0  oled.o(i.OLED_IIC_SoftwareReg)
    i.OLED_Pow                               0x08002b38   Section        0  oled.o(i.OLED_Pow)
    i.OLED_SetCursor                         0x08002b46   Section        0  oled.o(i.OLED_SetCursor)
    i.OLED_ShowChar                          0x08002b68   Section        0  oled.o(i.OLED_ShowChar)
    i.OLED_ShowChinese                       0x08002ba4   Section        0  oled.o(i.OLED_ShowChinese)
    i.OLED_ShowImage                         0x08002c30   Section        0  oled.o(i.OLED_ShowImage)
    i.OLED_ShowNum                           0x08002cec   Section        0  oled.o(i.OLED_ShowNum)
    i.OLED_ShowString                        0x08002d32   Section        0  oled.o(i.OLED_ShowString)
    i.OLED_Update                            0x08002d60   Section        0  oled.o(i.OLED_Update)
    i.OLED_WriteCommand                      0x08002d88   Section        0  oled.o(i.OLED_WriteCommand)
    i.OLED_WriteData                         0x08002d98   Section        0  oled.o(i.OLED_WriteData)
    i.Page                                   0x08002da8   Section        0  run.o(i.Page)
    Page                                     0x08002da9   Thumb Code   358  run.o(i.Page)
    i.PendSV_Handler                         0x08002f80   Section        0  stm32f1xx_it.o(i.PendSV_Handler)
    i.Plate_Check                            0x08002f84   Section        0  platenumber.o(i.Plate_Check)
    i.Plate_Clear_RxBuff2                    0x08002ffc   Section        0  platenumber.o(i.Plate_Clear_RxBuff2)
    Plate_Clear_RxBuff2                      0x08002ffd   Thumb Code    12  platenumber.o(i.Plate_Clear_RxBuff2)
    i.Plate_Dev_Init                         0x08003008   Section        0  platenumber.o(i.Plate_Dev_Init)
    Plate_Dev_Init                           0x08003009   Thumb Code    12  platenumber.o(i.Plate_Dev_Init)
    i.Plate_Dev_Reg                          0x08003018   Section        0  platenumber.o(i.Plate_Dev_Reg)
    i.Plate_Font                             0x08003044   Section        0  platenumber.o(i.Plate_Font)
    i.Plate_Get_StrData                      0x08003080   Section        0  platenumber.o(i.Plate_Get_StrData)
    Plate_Get_StrData                        0x08003081   Thumb Code     4  platenumber.o(i.Plate_Get_StrData)
    i.Plate_RX_DATA                          0x08003088   Section        0  platenumber.o(i.Plate_RX_DATA)
    Plate_RX_DATA                            0x08003089   Thumb Code    92  platenumber.o(i.Plate_RX_DATA)
    i.Plate_UART_Dev_Data_Dispose            0x080030e8   Section        0  platenumber.o(i.Plate_UART_Dev_Data_Dispose)
    Plate_UART_Dev_Data_Dispose              0x080030e9   Thumb Code   128  platenumber.o(i.Plate_UART_Dev_Data_Dispose)
    i.Plate_UART_Switch                      0x08003170   Section        0  platenumber.o(i.Plate_UART_Switch)
    Plate_UART_Switch                        0x08003171   Thumb Code   182  platenumber.o(i.Plate_UART_Switch)
    i.Pressures_GetValue                     0x08003230   Section        0  run.o(i.Pressures_GetValue)
    i.RegisterIIC                            0x08003264   Section        0  iic_manager.o(i.RegisterIIC)
    i.RegisterTim                            0x08003280   Section        0  tim_manager.o(i.RegisterTim)
    i.RegisterUart                           0x080032a0   Section        0  uart_manager.o(i.RegisterUart)
    i.Run                                    0x080032c0   Section        0  run.o(i.Run)
    i.SVC_Handler                            0x080032f4   Section        0  stm32f1xx_it.o(i.SVC_Handler)
    i.SelectDefaultIIC                       0x080032f8   Section        0  iic_manager.o(i.SelectDefaultIIC)
    i.SelectDefaultTim                       0x08003320   Section        0  tim_manager.o(i.SelectDefaultTim)
    i.SelectDefaultUart                      0x08003348   Section        0  uart_manager.o(i.SelectDefaultUart)
    i.Servo_Dev_Reg                          0x08003370   Section        0  servo.o(i.Servo_Dev_Reg)
    i.Servo_SetAnagl                         0x08003414   Section        0  servo.o(i.Servo_SetAnagl)
    Servo_SetAnagl                           0x08003415   Thumb Code    70  servo.o(i.Servo_SetAnagl)
    i.Servo_Tim_Dev_Start                    0x08003468   Section        0  servo.o(i.Servo_Tim_Dev_Start)
    Servo_Tim_Dev_Start                      0x08003469   Thumb Code    32  servo.o(i.Servo_Tim_Dev_Start)
    i.SysTick_Handler                        0x08003488   Section        0  stm32f1xx_it.o(i.SysTick_Handler)
    i.SystemClock_Config                     0x0800348c   Section        0  main.o(i.SystemClock_Config)
    i.SystemInit                             0x080034ea   Section        0  system_stm32f1xx.o(i.SystemInit)
    i.TIM1_UP_IRQHandler                     0x080034ec   Section        0  stm32f1xx_it.o(i.TIM1_UP_IRQHandler)
    i.TIM2_IRQHandler                        0x080034f8   Section        0  stm32f1xx_it.o(i.TIM2_IRQHandler)
    i.TIM_Base_SetConfig                     0x08003504   Section        0  stm32f1xx_hal_tim.o(i.TIM_Base_SetConfig)
    i.TIM_CCxChannelCmd                      0x0800357c   Section        0  stm32f1xx_hal_tim.o(i.TIM_CCxChannelCmd)
    i.TIM_ETR_SetConfig                      0x08003596   Section        0  stm32f1xx_hal_tim.o(i.TIM_ETR_SetConfig)
    i.TIM_ITRx_SetConfig                     0x080035aa   Section        0  stm32f1xx_hal_tim.o(i.TIM_ITRx_SetConfig)
    TIM_ITRx_SetConfig                       0x080035ab   Thumb Code    16  stm32f1xx_hal_tim.o(i.TIM_ITRx_SetConfig)
    i.TIM_OC1_SetConfig                      0x080035bc   Section        0  stm32f1xx_hal_tim.o(i.TIM_OC1_SetConfig)
    TIM_OC1_SetConfig                        0x080035bd   Thumb Code    74  stm32f1xx_hal_tim.o(i.TIM_OC1_SetConfig)
    i.TIM_OC2_SetConfig                      0x0800360c   Section        0  stm32f1xx_hal_tim.o(i.TIM_OC2_SetConfig)
    i.TIM_OC3_SetConfig                      0x08003664   Section        0  stm32f1xx_hal_tim.o(i.TIM_OC3_SetConfig)
    TIM_OC3_SetConfig                        0x08003665   Thumb Code    82  stm32f1xx_hal_tim.o(i.TIM_OC3_SetConfig)
    i.TIM_OC4_SetConfig                      0x080036bc   Section        0  stm32f1xx_hal_tim.o(i.TIM_OC4_SetConfig)
    TIM_OC4_SetConfig                        0x080036bd   Thumb Code    64  stm32f1xx_hal_tim.o(i.TIM_OC4_SetConfig)
    i.TIM_TI1_ConfigInputStage               0x08003700   Section        0  stm32f1xx_hal_tim.o(i.TIM_TI1_ConfigInputStage)
    TIM_TI1_ConfigInputStage                 0x08003701   Thumb Code    34  stm32f1xx_hal_tim.o(i.TIM_TI1_ConfigInputStage)
    i.TIM_TI2_ConfigInputStage               0x08003722   Section        0  stm32f1xx_hal_tim.o(i.TIM_TI2_ConfigInputStage)
    TIM_TI2_ConfigInputStage                 0x08003723   Thumb Code    36  stm32f1xx_hal_tim.o(i.TIM_TI2_ConfigInputStage)
    i.Tim_Get_Devs                           0x08003748   Section        0  tim_manager.o(i.Tim_Get_Devs)
    i.UART_DMAAbortOnError                   0x08003754   Section        0  stm32f1xx_hal_uart.o(i.UART_DMAAbortOnError)
    UART_DMAAbortOnError                     0x08003755   Thumb Code    16  stm32f1xx_hal_uart.o(i.UART_DMAAbortOnError)
    i.UART_EndRxTransfer                     0x08003764   Section        0  stm32f1xx_hal_uart.o(i.UART_EndRxTransfer)
    UART_EndRxTransfer                       0x08003765   Thumb Code    78  stm32f1xx_hal_uart.o(i.UART_EndRxTransfer)
    i.UART_Get_Devs                          0x080037b4   Section        0  uart_manager.o(i.UART_Get_Devs)
    i.UART_Receive_IT                        0x080037c0   Section        0  stm32f1xx_hal_uart.o(i.UART_Receive_IT)
    UART_Receive_IT                          0x080037c1   Thumb Code   194  stm32f1xx_hal_uart.o(i.UART_Receive_IT)
    i.UART_SetConfig                         0x08003884   Section        0  stm32f1xx_hal_uart.o(i.UART_SetConfig)
    UART_SetConfig                           0x08003885   Thumb Code   178  stm32f1xx_hal_uart.o(i.UART_SetConfig)
    i.UART_Start_Receive_IT                  0x0800393c   Section        0  stm32f1xx_hal_uart.o(i.UART_Start_Receive_IT)
    i.USART1_IRQHandler                      0x08003974   Section        0  stm32f1xx_it.o(i.USART1_IRQHandler)
    i.USART2_IRQHandler                      0x08003980   Section        0  stm32f1xx_it.o(i.USART2_IRQHandler)
    i.USART3_IRQHandler                      0x0800398c   Section        0  stm32f1xx_it.o(i.USART3_IRQHandler)
    i.UsageFault_Handler                     0x08003998   Section        0  stm32f1xx_it.o(i.UsageFault_Handler)
    i.__0sprintf                             0x0800399c   Section        0  printfa.o(i.__0sprintf)
    i.__NVIC_SetPriority                     0x080039c4   Section        0  stm32f1xx_hal_cortex.o(i.__NVIC_SetPriority)
    __NVIC_SetPriority                       0x080039c5   Thumb Code    32  stm32f1xx_hal_cortex.o(i.__NVIC_SetPriority)
    i.__scatterload_copy                     0x080039e4   Section       14  handlers.o(i.__scatterload_copy)
    i.__scatterload_null                     0x080039f2   Section        2  handlers.o(i.__scatterload_null)
    i.__scatterload_zeroinit                 0x080039f4   Section       14  handlers.o(i.__scatterload_zeroinit)
    i._fp_digits                             0x08003a04   Section        0  printfa.o(i._fp_digits)
    _fp_digits                               0x08003a05   Thumb Code   366  printfa.o(i._fp_digits)
    i._printf_core                           0x08003b88   Section        0  printfa.o(i._printf_core)
    _printf_core                             0x08003b89   Thumb Code  1744  printfa.o(i._printf_core)
    i._printf_post_padding                   0x08004264   Section        0  printfa.o(i._printf_post_padding)
    _printf_post_padding                     0x08004265   Thumb Code    36  printfa.o(i._printf_post_padding)
    i._printf_pre_padding                    0x08004288   Section        0  printfa.o(i._printf_pre_padding)
    _printf_pre_padding                      0x08004289   Thumb Code    46  printfa.o(i._printf_pre_padding)
    i._sputc                                 0x080042b6   Section        0  printfa.o(i._sputc)
    _sputc                                   0x080042b7   Thumb Code    10  printfa.o(i._sputc)
    i.main                                   0x080042c0   Section        0  main.o(i.main)
    i.malloc                                 0x080042f0   Section        0  malloc.o(i.malloc)
    .constdata                               0x0800435c   Section     1520  oled_data.o(.constdata)
    .constdata                               0x0800494c   Section      570  oled_data.o(.constdata)
    .constdata                               0x08004b86   Section     6335  oled_data.o(.constdata)
    .constdata                               0x08006445   Section      208  platenumber.o(.constdata)
    .constdata                               0x08006515   Section       18  stm32f1xx_hal_rcc.o(.constdata)
    aPredivFactorTable                       0x08006515   Data           2  stm32f1xx_hal_rcc.o(.constdata)
    aPLLMULFactorTable                       0x08006517   Data          16  stm32f1xx_hal_rcc.o(.constdata)
    .constdata                               0x08006527   Section       16  system_stm32f1xx.o(.constdata)
    .constdata                               0x08006537   Section        8  system_stm32f1xx.o(.constdata)
    .data                                    0x20000000   Section       60  oled.o(.data)
    .data                                    0x2000003c   Section       16  iic.o(.data)
    .data                                    0x2000004c   Section       44  run.o(.data)
    .data                                    0x20000078   Section        4  uart.o(.data)
    .data                                    0x2000007c   Section       16  jq8900.o(.data)
    .data                                    0x2000008c   Section      168  key.o(.data)
    g_Key_Dev                                0x2000008c   Data         168  key.o(.data)
    .data                                    0x20000134   Section     2572  platenumber.o(.data)
    plate_count                              0x20000134   Data           1  platenumber.o(.data)
    .data                                    0x20000b40   Section        2  em2000x.o(.data)
    rx_len                                   0x20000b40   Data           2  em2000x.o(.data)
    .data                                    0x20000b44   Section       12  stm32f1xx_hal.o(.data)
    .data                                    0x20000b50   Section        4  system_stm32f1xx.o(.data)
    .data                                    0x20000b54   Section        8  uart_manager.o(.data)
    .data                                    0x20000b5c   Section        8  iic_manager.o(.data)
    .data                                    0x20000b64   Section        8  tim_manager.o(.data)
    .data                                    0x20000b6c   Section        4  mvars.o(.data)
    .data                                    0x20000b70   Section        4  mvars.o(.data)
    .bss                                     0x20000b74   Section      216  tim.o(.bss)
    .bss                                     0x20000c4c   Section      216  usart.o(.bss)
    .bss                                     0x20000d24   Section     1024  oled.o(.bss)
    .bss                                     0x20001124   Section      292  run.o(.bss)
    .bss                                     0x20001248   Section      800  uart.o(.bss)
    .bss                                     0x20001568   Section       60  key.o(.bss)
    .bss                                     0x200015a4   Section       89  platenumber.o(.bss)
    font_1                                   0x200015a4   Data          16  platenumber.o(.bss)
    font_2                                   0x200015b4   Data          16  platenumber.o(.bss)
    font_3                                   0x200015c4   Data          16  platenumber.o(.bss)
    .bss                                     0x200015fd   Section      800  em2000x.o(.bss)
    HEAP                                     0x20001920   Section      512  startup_stm32f103xb.o(HEAP)
    STACK                                    0x20001b20   Section     1024  startup_stm32f103xb.o(STACK)

    Global Symbols

    Symbol Name                              Value     Ov Type        Size  Object(Section)

    BuildAttributes$$THM_ISAv4$P$D$K$B$S$PE$A:L22UL41UL21$X:L11$S22US41US21$IEEE1$IW$USESV6$~STKCKD$USESV7$~SHL$OTIME$ROPI$IEEEX$EBA8$MICROLIB$REQ8$PRES8$EABIv2 0x00000000   Number         0  anon$$obj.o ABSOLUTE
    __ARM_use_no_argv                        0x00000000   Number         0  main.o ABSOLUTE
    _printf_a                                0x00000000   Number         0  stubs.o ABSOLUTE
    _printf_c                                0x00000000   Number         0  stubs.o ABSOLUTE
    _printf_charcount                        0x00000000   Number         0  stubs.o ABSOLUTE
    _printf_d                                0x00000000   Number         0  stubs.o ABSOLUTE
    _printf_e                                0x00000000   Number         0  stubs.o ABSOLUTE
    _printf_f                                0x00000000   Number         0  stubs.o ABSOLUTE
    _printf_flags                            0x00000000   Number         0  stubs.o ABSOLUTE
    _printf_fp_dec                           0x00000000   Number         0  stubs.o ABSOLUTE
    _printf_fp_hex                           0x00000000   Number         0  stubs.o ABSOLUTE
    _printf_g                                0x00000000   Number         0  stubs.o ABSOLUTE
    _printf_i                                0x00000000   Number         0  stubs.o ABSOLUTE
    _printf_int_dec                          0x00000000   Number         0  stubs.o ABSOLUTE
    _printf_l                                0x00000000   Number         0  stubs.o ABSOLUTE
    _printf_lc                               0x00000000   Number         0  stubs.o ABSOLUTE
    _printf_ll                               0x00000000   Number         0  stubs.o ABSOLUTE
    _printf_lld                              0x00000000   Number         0  stubs.o ABSOLUTE
    _printf_lli                              0x00000000   Number         0  stubs.o ABSOLUTE
    _printf_llo                              0x00000000   Number         0  stubs.o ABSOLUTE
    _printf_llu                              0x00000000   Number         0  stubs.o ABSOLUTE
    _printf_llx                              0x00000000   Number         0  stubs.o ABSOLUTE
    _printf_longlong_dec                     0x00000000   Number         0  stubs.o ABSOLUTE
    _printf_longlong_hex                     0x00000000   Number         0  stubs.o ABSOLUTE
    _printf_longlong_oct                     0x00000000   Number         0  stubs.o ABSOLUTE
    _printf_ls                               0x00000000   Number         0  stubs.o ABSOLUTE
    _printf_mbtowc                           0x00000000   Number         0  stubs.o ABSOLUTE
    _printf_n                                0x00000000   Number         0  stubs.o ABSOLUTE
    _printf_o                                0x00000000   Number         0  stubs.o ABSOLUTE
    _printf_p                                0x00000000   Number         0  stubs.o ABSOLUTE
    _printf_percent                          0x00000000   Number         0  stubs.o ABSOLUTE
    _printf_pre_padding                      0x00000000   Number         0  stubs.o ABSOLUTE
    _printf_return_value                     0x00000000   Number         0  stubs.o ABSOLUTE
    _printf_s                                0x00000000   Number         0  stubs.o ABSOLUTE
    _printf_sizespec                         0x00000000   Number         0  stubs.o ABSOLUTE
    _printf_str                              0x00000000   Number         0  stubs.o ABSOLUTE
    _printf_truncate_signed                  0x00000000   Number         0  stubs.o ABSOLUTE
    _printf_truncate_unsigned                0x00000000   Number         0  stubs.o ABSOLUTE
    _printf_u                                0x00000000   Number         0  stubs.o ABSOLUTE
    _printf_wc                               0x00000000   Number         0  stubs.o ABSOLUTE
    _printf_wctomb                           0x00000000   Number         0  stubs.o ABSOLUTE
    _printf_widthprec                        0x00000000   Number         0  stubs.o ABSOLUTE
    _printf_x                                0x00000000   Number         0  stubs.o ABSOLUTE
    __cpp_initialize__aeabi_                  - Undefined Weak Reference
    __cxa_finalize                            - Undefined Weak Reference
    _clock_init                               - Undefined Weak Reference
    _microlib_exit                            - Undefined Weak Reference
    _scanf_int                                - Undefined Weak Reference
    _scanf_longlong                           - Undefined Weak Reference
    _scanf_string                             - Undefined Weak Reference
    __Vectors_Size                           0x000000ec   Number         0  startup_stm32f103xb.o ABSOLUTE
    __Vectors                                0x08000000   Data           4  startup_stm32f103xb.o(RESET)
    __Vectors_End                            0x080000ec   Data           0  startup_stm32f103xb.o(RESET)
    __main                                   0x080000ed   Thumb Code     0  entry.o(.ARM.Collect$$$$00000000)
    _main_stk                                0x080000ed   Thumb Code     0  entry2.o(.ARM.Collect$$$$00000001)
    _main_scatterload                        0x080000f1   Thumb Code     0  entry5.o(.ARM.Collect$$$$00000004)
    __main_after_scatterload                 0x080000f5   Thumb Code     0  entry5.o(.ARM.Collect$$$$00000004)
    _main_clock                              0x080000f5   Thumb Code     0  entry7b.o(.ARM.Collect$$$$00000008)
    _main_cpp_init                           0x080000f5   Thumb Code     0  entry8b.o(.ARM.Collect$$$$0000000A)
    _main_init                               0x080000f5   Thumb Code     0  entry9a.o(.ARM.Collect$$$$0000000B)
    __rt_final_cpp                           0x080000fd   Thumb Code     0  entry10a.o(.ARM.Collect$$$$0000000D)
    __rt_final_exit                          0x080000fd   Thumb Code     0  entry11a.o(.ARM.Collect$$$$0000000F)
    Reset_Handler                            0x08000101   Thumb Code     8  startup_stm32f103xb.o(.text)
    ADC1_2_IRQHandler                        0x0800011b   Thumb Code     0  startup_stm32f103xb.o(.text)
    CAN1_RX1_IRQHandler                      0x0800011b   Thumb Code     0  startup_stm32f103xb.o(.text)
    CAN1_SCE_IRQHandler                      0x0800011b   Thumb Code     0  startup_stm32f103xb.o(.text)
    DMA1_Channel1_IRQHandler                 0x0800011b   Thumb Code     0  startup_stm32f103xb.o(.text)
    DMA1_Channel2_IRQHandler                 0x0800011b   Thumb Code     0  startup_stm32f103xb.o(.text)
    DMA1_Channel3_IRQHandler                 0x0800011b   Thumb Code     0  startup_stm32f103xb.o(.text)
    DMA1_Channel4_IRQHandler                 0x0800011b   Thumb Code     0  startup_stm32f103xb.o(.text)
    DMA1_Channel5_IRQHandler                 0x0800011b   Thumb Code     0  startup_stm32f103xb.o(.text)
    DMA1_Channel6_IRQHandler                 0x0800011b   Thumb Code     0  startup_stm32f103xb.o(.text)
    DMA1_Channel7_IRQHandler                 0x0800011b   Thumb Code     0  startup_stm32f103xb.o(.text)
    EXTI0_IRQHandler                         0x0800011b   Thumb Code     0  startup_stm32f103xb.o(.text)
    EXTI15_10_IRQHandler                     0x0800011b   Thumb Code     0  startup_stm32f103xb.o(.text)
    EXTI1_IRQHandler                         0x0800011b   Thumb Code     0  startup_stm32f103xb.o(.text)
    EXTI2_IRQHandler                         0x0800011b   Thumb Code     0  startup_stm32f103xb.o(.text)
    EXTI3_IRQHandler                         0x0800011b   Thumb Code     0  startup_stm32f103xb.o(.text)
    EXTI4_IRQHandler                         0x0800011b   Thumb Code     0  startup_stm32f103xb.o(.text)
    EXTI9_5_IRQHandler                       0x0800011b   Thumb Code     0  startup_stm32f103xb.o(.text)
    FLASH_IRQHandler                         0x0800011b   Thumb Code     0  startup_stm32f103xb.o(.text)
    I2C1_ER_IRQHandler                       0x0800011b   Thumb Code     0  startup_stm32f103xb.o(.text)
    I2C1_EV_IRQHandler                       0x0800011b   Thumb Code     0  startup_stm32f103xb.o(.text)
    I2C2_ER_IRQHandler                       0x0800011b   Thumb Code     0  startup_stm32f103xb.o(.text)
    I2C2_EV_IRQHandler                       0x0800011b   Thumb Code     0  startup_stm32f103xb.o(.text)
    PVD_IRQHandler                           0x0800011b   Thumb Code     0  startup_stm32f103xb.o(.text)
    RCC_IRQHandler                           0x0800011b   Thumb Code     0  startup_stm32f103xb.o(.text)
    RTC_Alarm_IRQHandler                     0x0800011b   Thumb Code     0  startup_stm32f103xb.o(.text)
    RTC_IRQHandler                           0x0800011b   Thumb Code     0  startup_stm32f103xb.o(.text)
    SPI1_IRQHandler                          0x0800011b   Thumb Code     0  startup_stm32f103xb.o(.text)
    SPI2_IRQHandler                          0x0800011b   Thumb Code     0  startup_stm32f103xb.o(.text)
    TAMPER_IRQHandler                        0x0800011b   Thumb Code     0  startup_stm32f103xb.o(.text)
    TIM1_BRK_IRQHandler                      0x0800011b   Thumb Code     0  startup_stm32f103xb.o(.text)
    TIM1_CC_IRQHandler                       0x0800011b   Thumb Code     0  startup_stm32f103xb.o(.text)
    TIM1_TRG_COM_IRQHandler                  0x0800011b   Thumb Code     0  startup_stm32f103xb.o(.text)
    TIM3_IRQHandler                          0x0800011b   Thumb Code     0  startup_stm32f103xb.o(.text)
    TIM4_IRQHandler                          0x0800011b   Thumb Code     0  startup_stm32f103xb.o(.text)
    USBWakeUp_IRQHandler                     0x0800011b   Thumb Code     0  startup_stm32f103xb.o(.text)
    USB_HP_CAN1_TX_IRQHandler                0x0800011b   Thumb Code     0  startup_stm32f103xb.o(.text)
    USB_LP_CAN1_RX0_IRQHandler               0x0800011b   Thumb Code     0  startup_stm32f103xb.o(.text)
    WWDG_IRQHandler                          0x0800011b   Thumb Code     0  startup_stm32f103xb.o(.text)
    __aeabi_llsr                             0x08000125   Thumb Code    32  llushr.o(.text)
    _ll_ushift_r                             0x08000125   Thumb Code     0  llushr.o(.text)
    __aeabi_memcpy                           0x08000145   Thumb Code    36  memcpya.o(.text)
    __aeabi_memcpy4                          0x08000145   Thumb Code     0  memcpya.o(.text)
    __aeabi_memcpy8                          0x08000145   Thumb Code     0  memcpya.o(.text)
    __aeabi_memset                           0x08000169   Thumb Code    14  memseta.o(.text)
    __aeabi_memset4                          0x08000169   Thumb Code     0  memseta.o(.text)
    __aeabi_memset8                          0x08000169   Thumb Code     0  memseta.o(.text)
    __aeabi_memclr                           0x08000177   Thumb Code     4  memseta.o(.text)
    __aeabi_memclr4                          0x08000177   Thumb Code     0  memseta.o(.text)
    __aeabi_memclr8                          0x08000177   Thumb Code     0  memseta.o(.text)
    _memset$wrapper                          0x0800017b   Thumb Code    18  memseta.o(.text)
    strstr                                   0x0800018d   Thumb Code    36  strstr.o(.text)
    strncpy                                  0x080001b1   Thumb Code    24  strncpy.o(.text)
    strlen                                   0x080001c9   Thumb Code    14  strlen.o(.text)
    strcmp                                   0x080001d7   Thumb Code    28  strcmp.o(.text)
    strcpy                                   0x080001f3   Thumb Code    18  strcpy.o(.text)
    __aeabi_dadd                             0x08000205   Thumb Code   322  dadd.o(.text)
    __aeabi_dsub                             0x08000347   Thumb Code     6  dadd.o(.text)
    __aeabi_drsub                            0x0800034d   Thumb Code     6  dadd.o(.text)
    __aeabi_dmul                             0x08000353   Thumb Code   228  dmul.o(.text)
    __aeabi_ddiv                             0x08000437   Thumb Code   222  ddiv.o(.text)
    __aeabi_ui2f                             0x08000515   Thumb Code    10  ffltui.o(.text)
    __aeabi_d2uiz                            0x0800051f   Thumb Code    50  dfixui.o(.text)
    __aeabi_f2d                              0x08000551   Thumb Code    38  f2d.o(.text)
    __aeabi_cdrcmple                         0x08000579   Thumb Code    48  cdrcmple.o(.text)
    __aeabi_uidiv                            0x080005a9   Thumb Code     0  uidiv.o(.text)
    __aeabi_uidivmod                         0x080005a9   Thumb Code    44  uidiv.o(.text)
    __aeabi_uldivmod                         0x080005d5   Thumb Code    98  uldiv.o(.text)
    __aeabi_llsl                             0x08000637   Thumb Code    30  llshl.o(.text)
    _ll_shift_l                              0x08000637   Thumb Code     0  llshl.o(.text)
    __aeabi_lasr                             0x08000655   Thumb Code    36  llsshr.o(.text)
    _ll_sshift_r                             0x08000655   Thumb Code     0  llsshr.o(.text)
    __I$use$fp                               0x08000679   Thumb Code     0  iusefp.o(.text)
    _float_round                             0x08000679   Thumb Code    18  fepilogue.o(.text)
    _float_epilogue                          0x0800068b   Thumb Code    92  fepilogue.o(.text)
    _double_round                            0x080006e7   Thumb Code    30  depilogue.o(.text)
    _double_epilogue                         0x08000705   Thumb Code   156  depilogue.o(.text)
    __aeabi_d2ulz                            0x080007a1   Thumb Code    48  dfixul.o(.text)
    __scatterload                            0x080007d1   Thumb Code    28  init.o(.text)
    __scatterload_rt2                        0x080007d1   Thumb Code     0  init.o(.text)
    __decompress                             0x080007f5   Thumb Code     0  __dczerorl2.o(.text)
    __decompress1                            0x080007f5   Thumb Code    86  __dczerorl2.o(.text)
    BusFault_Handler                         0x0800084b   Thumb Code     2  stm32f1xx_it.o(i.BusFault_Handler)
    DebugMon_Handler                         0x08000be9   Thumb Code     2  stm32f1xx_it.o(i.DebugMon_Handler)
    Delay_ms                                 0x08000beb   Thumb Code    22  delay.o(i.Delay_ms)
    Delay_us                                 0x08000c01   Thumb Code    32  delay.o(i.Delay_us)
    EM2000X_Init                             0x08000c21   Thumb Code    10  em2000x.o(i.EM2000X_Init)
    EM2000X_ReceiveData                      0x08000c35   Thumb Code    56  em2000x.o(i.EM2000X_ReceiveData)
    EM2000X_WaitReceive                      0x08000c75   Thumb Code    44  em2000x.o(i.EM2000X_WaitReceive)
    EMX2000X_ClearBuff                       0x08000ca9   Thumb Code    20  em2000x.o(i.EMX2000X_ClearBuff)
    Error_Handler                            0x08000cc5   Thumb Code     4  main.o(i.Error_Handler)
    HAL_DMA_Abort                            0x08000cc9   Thumb Code    70  stm32f1xx_hal_dma.o(i.HAL_DMA_Abort)
    HAL_DMA_Abort_IT                         0x08000d11   Thumb Code   148  stm32f1xx_hal_dma.o(i.HAL_DMA_Abort_IT)
    HAL_GPIO_Init                            0x08000da9   Thumb Code   446  stm32f1xx_hal_gpio.o(i.HAL_GPIO_Init)
    HAL_GPIO_ReadPin                         0x08000f89   Thumb Code    10  stm32f1xx_hal_gpio.o(i.HAL_GPIO_ReadPin)
    HAL_GPIO_WritePin                        0x08000f93   Thumb Code    10  stm32f1xx_hal_gpio.o(i.HAL_GPIO_WritePin)
    HAL_GetTick                              0x08000f9d   Thumb Code     6  stm32f1xx_hal.o(i.HAL_GetTick)
    HAL_IncTick                              0x08000fa9   Thumb Code    12  stm32f1xx_hal.o(i.HAL_IncTick)
    HAL_Init                                 0x08000fb9   Thumb Code    32  stm32f1xx_hal.o(i.HAL_Init)
    HAL_InitTick                             0x08000fdd   Thumb Code    54  stm32f1xx_hal.o(i.HAL_InitTick)
    HAL_MspInit                              0x0800101d   Thumb Code    52  stm32f1xx_hal_msp.o(i.HAL_MspInit)
    HAL_NVIC_EnableIRQ                       0x08001059   Thumb Code    26  stm32f1xx_hal_cortex.o(i.HAL_NVIC_EnableIRQ)
    HAL_NVIC_SetPriority                     0x08001075   Thumb Code    60  stm32f1xx_hal_cortex.o(i.HAL_NVIC_SetPriority)
    HAL_NVIC_SetPriorityGrouping             0x080010b5   Thumb Code    26  stm32f1xx_hal_cortex.o(i.HAL_NVIC_SetPriorityGrouping)
    HAL_RCC_ClockConfig                      0x080010d9   Thumb Code   280  stm32f1xx_hal_rcc.o(i.HAL_RCC_ClockConfig)
    HAL_RCC_GetPCLK1Freq                     0x08001205   Thumb Code    20  stm32f1xx_hal_rcc.o(i.HAL_RCC_GetPCLK1Freq)
    HAL_RCC_GetPCLK2Freq                     0x08001225   Thumb Code    20  stm32f1xx_hal_rcc.o(i.HAL_RCC_GetPCLK2Freq)
    HAL_RCC_GetSysClockFreq                  0x08001245   Thumb Code    58  stm32f1xx_hal_rcc.o(i.HAL_RCC_GetSysClockFreq)
    HAL_RCC_OscConfig                        0x08001291   Thumb Code   778  stm32f1xx_hal_rcc.o(i.HAL_RCC_OscConfig)
    HAL_SYSTICK_Config                       0x080015b1   Thumb Code    40  stm32f1xx_hal_cortex.o(i.HAL_SYSTICK_Config)
    HAL_TIMEx_BreakCallback                  0x080015d9   Thumb Code     2  stm32f1xx_hal_tim_ex.o(i.HAL_TIMEx_BreakCallback)
    HAL_TIMEx_CommutCallback                 0x080015db   Thumb Code     2  stm32f1xx_hal_tim_ex.o(i.HAL_TIMEx_CommutCallback)
    HAL_TIMEx_MasterConfigSynchronization    0x080015dd   Thumb Code    92  stm32f1xx_hal_tim_ex.o(i.HAL_TIMEx_MasterConfigSynchronization)
    HAL_TIM_Base_Init                        0x08001645   Thumb Code    90  stm32f1xx_hal_tim.o(i.HAL_TIM_Base_Init)
    HAL_TIM_Base_MspInit                     0x080016a1   Thumb Code    86  tim.o(i.HAL_TIM_Base_MspInit)
    HAL_TIM_Base_Start_IT                    0x08001701   Thumb Code    76  stm32f1xx_hal_tim.o(i.HAL_TIM_Base_Start_IT)
    HAL_TIM_ConfigClockSource                0x08001759   Thumb Code   220  stm32f1xx_hal_tim.o(i.HAL_TIM_ConfigClockSource)
    HAL_TIM_IC_CaptureCallback               0x08001835   Thumb Code     2  stm32f1xx_hal_tim.o(i.HAL_TIM_IC_CaptureCallback)
    HAL_TIM_IRQHandler                       0x08001837   Thumb Code   304  stm32f1xx_hal_tim.o(i.HAL_TIM_IRQHandler)
    HAL_TIM_MspPostInit                      0x08001969   Thumb Code    62  tim.o(i.HAL_TIM_MspPostInit)
    HAL_TIM_OC_DelayElapsedCallback          0x080019b5   Thumb Code     2  stm32f1xx_hal_tim.o(i.HAL_TIM_OC_DelayElapsedCallback)
    HAL_TIM_PWM_ConfigChannel                0x080019b7   Thumb Code   204  stm32f1xx_hal_tim.o(i.HAL_TIM_PWM_ConfigChannel)
    HAL_TIM_PWM_Init                         0x08001a83   Thumb Code    90  stm32f1xx_hal_tim.o(i.HAL_TIM_PWM_Init)
    HAL_TIM_PWM_MspInit                      0x08001add   Thumb Code    30  tim.o(i.HAL_TIM_PWM_MspInit)
    HAL_TIM_PWM_PulseFinishedCallback        0x08001b05   Thumb Code     2  stm32f1xx_hal_tim.o(i.HAL_TIM_PWM_PulseFinishedCallback)
    HAL_TIM_PWM_Start                        0x08001b09   Thumb Code   144  stm32f1xx_hal_tim.o(i.HAL_TIM_PWM_Start)
    HAL_TIM_PeriodElapsedCallback            0x08001ba5   Thumb Code   134  timer.o(i.HAL_TIM_PeriodElapsedCallback)
    HAL_TIM_TriggerCallback                  0x08001c31   Thumb Code     2  stm32f1xx_hal_tim.o(i.HAL_TIM_TriggerCallback)
    HAL_UARTEx_RxEventCallback               0x08001c33   Thumb Code     2  stm32f1xx_hal_uart.o(i.HAL_UARTEx_RxEventCallback)
    HAL_UART_ErrorCallback                   0x08001c35   Thumb Code     2  stm32f1xx_hal_uart.o(i.HAL_UART_ErrorCallback)
    HAL_UART_IRQHandler                      0x08001c39   Thumb Code   616  stm32f1xx_hal_uart.o(i.HAL_UART_IRQHandler)
    HAL_UART_Init                            0x08001ea5   Thumb Code   100  stm32f1xx_hal_uart.o(i.HAL_UART_Init)
    HAL_UART_MspInit                         0x08001f09   Thumb Code   282  usart.o(i.HAL_UART_MspInit)
    HAL_UART_Receive_IT                      0x0800203d   Thumb Code    28  stm32f1xx_hal_uart.o(i.HAL_UART_Receive_IT)
    HAL_UART_RxCpltCallback                  0x08002059   Thumb Code    82  uart.o(i.HAL_UART_RxCpltCallback)
    HAL_UART_TxCpltCallback                  0x080020bd   Thumb Code     2  stm32f1xx_hal_uart.o(i.HAL_UART_TxCpltCallback)
    HardFault_Handler                        0x080020bf   Thumb Code     2  stm32f1xx_it.o(i.HardFault_Handler)
    I2C_WriteReg                             0x08002199   Thumb Code    68  iic.o(i.I2C_WriteReg)
    I2C_Write_Regs                           0x080021e1   Thumb Code    66  iic.o(i.I2C_Write_Regs)
    IIC_Dev_WriteReg                         0x08002223   Thumb Code    12  iic_manager.o(i.IIC_Dev_WriteReg)
    IIC_Dev_Write_Regs                       0x0800222f   Thumb Code    18  iic_manager.o(i.IIC_Dev_Write_Regs)
    Init                                     0x08002241   Thumb Code   446  run.o(i.Init)
    JQ8900_Init                              0x08002449   Thumb Code    10  jq8900.o(i.JQ8900_Init)
    JQ8900_Play                              0x08002459   Thumb Code    74  jq8900.o(i.JQ8900_Play)
    JQ8900_Read_Bus                          0x080024a5   Thumb Code    12  jq8900.o(i.JQ8900_Read_Bus)
    JQ8900_Send_Cmd                          0x080024b5   Thumb Code    98  jq8900.o(i.JQ8900_Send_Cmd)
    JQ8900_Set_Volume                        0x08002517   Thumb Code    44  jq8900.o(i.JQ8900_Set_Volume)
    Key_Dev_Reg                              0x08002559   Thumb Code   110  key.o(i.Key_Dev_Reg)
    MX_GPIO_Init                             0x0800271d   Thumb Code   172  gpio.o(i.MX_GPIO_Init)
    MX_TIM1_Init                             0x080027d5   Thumb Code    98  tim.o(i.MX_TIM1_Init)
    MX_TIM2_Init                             0x08002841   Thumb Code    98  tim.o(i.MX_TIM2_Init)
    MX_TIM4_Init                             0x080028a9   Thumb Code   120  tim.o(i.MX_TIM4_Init)
    MX_USART1_UART_Init                      0x08002929   Thumb Code    48  usart.o(i.MX_USART1_UART_Init)
    MX_USART2_UART_Init                      0x08002961   Thumb Code    48  usart.o(i.MX_USART2_UART_Init)
    MX_USART3_UART_Init                      0x08002999   Thumb Code    48  usart.o(i.MX_USART3_UART_Init)
    MemManage_Handler                        0x080029d1   Thumb Code     2  stm32f1xx_it.o(i.MemManage_Handler)
    NMI_Handler                              0x080029d3   Thumb Code     2  stm32f1xx_it.o(i.NMI_Handler)
    OLED_Clear                               0x080029d5   Thumb Code    34  oled.o(i.OLED_Clear)
    OLED_ClearArea                           0x080029fd   Thumb Code    86  oled.o(i.OLED_ClearArea)
    OLED_IIC_SoftwareReg                     0x08002b05   Thumb Code    48  oled.o(i.OLED_IIC_SoftwareReg)
    OLED_Pow                                 0x08002b39   Thumb Code    14  oled.o(i.OLED_Pow)
    OLED_SetCursor                           0x08002b47   Thumb Code    34  oled.o(i.OLED_SetCursor)
    OLED_ShowChar                            0x08002b69   Thumb Code    52  oled.o(i.OLED_ShowChar)
    OLED_ShowChinese                         0x08002ba5   Thumb Code   132  oled.o(i.OLED_ShowChinese)
    OLED_ShowImage                           0x08002c31   Thumb Code   182  oled.o(i.OLED_ShowImage)
    OLED_ShowNum                             0x08002ced   Thumb Code    70  oled.o(i.OLED_ShowNum)
    OLED_ShowString                          0x08002d33   Thumb Code    44  oled.o(i.OLED_ShowString)
    OLED_Update                              0x08002d61   Thumb Code    34  oled.o(i.OLED_Update)
    OLED_WriteCommand                        0x08002d89   Thumb Code    10  oled.o(i.OLED_WriteCommand)
    OLED_WriteData                           0x08002d99   Thumb Code    12  oled.o(i.OLED_WriteData)
    PendSV_Handler                           0x08002f81   Thumb Code     2  stm32f1xx_it.o(i.PendSV_Handler)
    Plate_Check                              0x08002f85   Thumb Code   112  platenumber.o(i.Plate_Check)
    Plate_Dev_Reg                            0x08003019   Thumb Code    40  platenumber.o(i.Plate_Dev_Reg)
    Plate_Font                               0x08003045   Thumb Code    54  platenumber.o(i.Plate_Font)
    Pressures_GetValue                       0x08003231   Thumb Code    46  run.o(i.Pressures_GetValue)
    RegisterIIC                              0x08003265   Thumb Code    22  iic_manager.o(i.RegisterIIC)
    RegisterTim                              0x08003281   Thumb Code    26  tim_manager.o(i.RegisterTim)
    RegisterUart                             0x080032a1   Thumb Code    26  uart_manager.o(i.RegisterUart)
    Run                                      0x080032c1   Thumb Code    48  run.o(i.Run)
    SVC_Handler                              0x080032f5   Thumb Code     2  stm32f1xx_it.o(i.SVC_Handler)
    SelectDefaultIIC                         0x080032f9   Thumb Code    34  iic_manager.o(i.SelectDefaultIIC)
    SelectDefaultTim                         0x08003321   Thumb Code    36  tim_manager.o(i.SelectDefaultTim)
    SelectDefaultUart                        0x08003349   Thumb Code    36  uart_manager.o(i.SelectDefaultUart)
    Servo_Dev_Reg                            0x08003371   Thumb Code   158  servo.o(i.Servo_Dev_Reg)
    SysTick_Handler                          0x08003489   Thumb Code     4  stm32f1xx_it.o(i.SysTick_Handler)
    SystemClock_Config                       0x0800348d   Thumb Code    94  main.o(i.SystemClock_Config)
    SystemInit                               0x080034eb   Thumb Code     2  system_stm32f1xx.o(i.SystemInit)
    TIM1_UP_IRQHandler                       0x080034ed   Thumb Code     6  stm32f1xx_it.o(i.TIM1_UP_IRQHandler)
    TIM2_IRQHandler                          0x080034f9   Thumb Code     6  stm32f1xx_it.o(i.TIM2_IRQHandler)
    TIM_Base_SetConfig                       0x08003505   Thumb Code   108  stm32f1xx_hal_tim.o(i.TIM_Base_SetConfig)
    TIM_CCxChannelCmd                        0x0800357d   Thumb Code    26  stm32f1xx_hal_tim.o(i.TIM_CCxChannelCmd)
    TIM_ETR_SetConfig                        0x08003597   Thumb Code    20  stm32f1xx_hal_tim.o(i.TIM_ETR_SetConfig)
    TIM_OC2_SetConfig                        0x0800360d   Thumb Code    84  stm32f1xx_hal_tim.o(i.TIM_OC2_SetConfig)
    Tim_Get_Devs                             0x08003749   Thumb Code     6  tim_manager.o(i.Tim_Get_Devs)
    UART_Get_Devs                            0x080037b5   Thumb Code     6  uart_manager.o(i.UART_Get_Devs)
    UART_Start_Receive_IT                    0x0800393d   Thumb Code    54  stm32f1xx_hal_uart.o(i.UART_Start_Receive_IT)
    USART1_IRQHandler                        0x08003975   Thumb Code     6  stm32f1xx_it.o(i.USART1_IRQHandler)
    USART2_IRQHandler                        0x08003981   Thumb Code     6  stm32f1xx_it.o(i.USART2_IRQHandler)
    USART3_IRQHandler                        0x0800398d   Thumb Code     6  stm32f1xx_it.o(i.USART3_IRQHandler)
    UsageFault_Handler                       0x08003999   Thumb Code     2  stm32f1xx_it.o(i.UsageFault_Handler)
    __0sprintf                               0x0800399d   Thumb Code    34  printfa.o(i.__0sprintf)
    __1sprintf                               0x0800399d   Thumb Code     0  printfa.o(i.__0sprintf)
    __2sprintf                               0x0800399d   Thumb Code     0  printfa.o(i.__0sprintf)
    __c89sprintf                             0x0800399d   Thumb Code     0  printfa.o(i.__0sprintf)
    sprintf                                  0x0800399d   Thumb Code     0  printfa.o(i.__0sprintf)
    __scatterload_copy                       0x080039e5   Thumb Code    14  handlers.o(i.__scatterload_copy)
    __scatterload_null                       0x080039f3   Thumb Code     2  handlers.o(i.__scatterload_null)
    __scatterload_zeroinit                   0x080039f5   Thumb Code    14  handlers.o(i.__scatterload_zeroinit)
    main                                     0x080042c1   Thumb Code    46  main.o(i.main)
    malloc                                   0x080042f1   Thumb Code    92  malloc.o(i.malloc)
    OLED_F8x16                               0x0800435c   Data        1520  oled_data.o(.constdata)
    OLED_F6x8                                0x0800494c   Data         570  oled_data.o(.constdata)
    OLED_CF16x16                             0x08004b86   Data        6335  oled_data.o(.constdata)
    platebuff                                0x08006445   Data         208  platenumber.o(.constdata)
    AHBPrescTable                            0x08006527   Data          16  system_stm32f1xx.o(.constdata)
    APBPrescTable                            0x08006537   Data           8  system_stm32f1xx.o(.constdata)
    Region$$Table$$Base                      0x08006540   Number         0  anon$$obj.o(Region$$Table)
    Region$$Table$$Limit                     0x08006560   Number         0  anon$$obj.o(Region$$Table)
    g_tOLEDDev                               0x20000000   Data          60  oled.o(.data)
    I2C_SCL_GPIOx                            0x2000003c   Data           4  iic.o(.data)
    I2C_SCL_Pin                              0x20000040   Data           4  iic.o(.data)
    I2C_SDA_GPIOx                            0x20000044   Data           4  iic.o(.data)
    I2C_SDA_Pin                              0x20000048   Data           4  iic.o(.data)
    mode                                     0x2000004c   Data           1  run.o(.data)
    i                                        0x2000004d   Data           1  run.o(.data)
    s                                        0x2000004e   Data           1  run.o(.data)
    res                                      0x2000004f   Data           1  run.o(.data)
    money                                    0x20000050   Data           2  run.o(.data)
    stall_                                   0x20000052   Data           2  run.o(.data)
    press_                                   0x20000054   Data           2  run.o(.data)
    OLED                                     0x20000058   Data           4  run.o(.data)
    OPENMV                                   0x2000005c   Data           4  run.o(.data)
    KEY                                      0x20000060   Data           4  run.o(.data)
    plate_number                             0x20000064   Data           4  run.o(.data)
    traking_number                           0x20000068   Data           4  run.o(.data)
    stop_money                               0x2000006c   Data           4  run.o(.data)
    SERVO_                                   0x20000070   Data           8  run.o(.data)
    rxdata2                                  0x20000078   Data           1  uart.o(.data)
    uart2_i                                  0x2000007a   Data           2  uart.o(.data)
    JQ8900_GPIOx                             0x2000007c   Data           4  jq8900.o(.data)
    JQ8900_Pin                               0x20000080   Data           4  jq8900.o(.data)
    JQ8900_Bus_GPIOx                         0x20000084   Data           4  jq8900.o(.data)
    JQ8900_Bus_Pin                           0x20000088   Data           4  jq8900.o(.data)
    g_Uart_Plate                             0x20000138   Data        2568  platenumber.o(.data)
    uwTickFreq                               0x20000b44   Data           1  stm32f1xx_hal.o(.data)
    uwTickPrio                               0x20000b48   Data           4  stm32f1xx_hal.o(.data)
    uwTick                                   0x20000b4c   Data           4  stm32f1xx_hal.o(.data)
    SystemCoreClock                          0x20000b50   Data           4  system_stm32f1xx.o(.data)
    g_UartDevs                               0x20000b54   Data           4  uart_manager.o(.data)
    g_UartDevsTail                           0x20000b58   Data           4  uart_manager.o(.data)
    g_IICDevs                                0x20000b5c   Data           4  iic_manager.o(.data)
    g_IICDevsTail                            0x20000b60   Data           4  iic_manager.o(.data)
    g_TimDevs                                0x20000b64   Data           4  tim_manager.o(.data)
    g_TimDevsTail                            0x20000b68   Data           4  tim_manager.o(.data)
    __microlib_freelist                      0x20000b6c   Data           4  mvars.o(.data)
    __microlib_freelist_initialised          0x20000b70   Data           4  mvars.o(.data)
    htim1                                    0x20000b74   Data          72  tim.o(.bss)
    htim2                                    0x20000bbc   Data          72  tim.o(.bss)
    htim4                                    0x20000c04   Data          72  tim.o(.bss)
    huart1                                   0x20000c4c   Data          72  usart.o(.bss)
    huart2                                   0x20000c94   Data          72  usart.o(.bss)
    huart3                                   0x20000cdc   Data          72  usart.o(.bss)
    OLED_DisplayBuf                          0x20000d24   Data        1024  oled.o(.bss)
    stall_stop_time                          0x20001124   Data          92  run.o(.bss)
    str                                      0x20001180   Data         200  run.o(.bss)
    uart2_Buff                               0x20001248   Data         800  uart.o(.bss)
    key                                      0x20001568   Data          60  key.o(.bss)
    plate                                    0x200015d4   Data          41  platenumber.o(.bss)
    temp_buff                                0x200015fd   Data         800  em2000x.o(.bss)
    __heap_base                              0x20001920   Data           0  startup_stm32f103xb.o(HEAP)
    __heap_limit                             0x20001b20   Data           0  startup_stm32f103xb.o(HEAP)
    __initial_sp                             0x20001f20   Data           0  startup_stm32f103xb.o(STACK)



==============================================================================

Memory Map of the image

  Image Entry point : 0x080000ed

  Load Region LR_IROM1 (Base: 0x08000000, Size: 0x000070d4, Max: 0x00010000, ABSOLUTE, COMPRESSED[0x000065b8])

    Execution Region ER_IROM1 (Exec base: 0x08000000, Load base: 0x08000000, Size: 0x00006560, Max: 0x00010000, ABSOLUTE)

    Exec Addr    Load Addr    Size         Type   Attr      Idx    E Section Name        Object

    0x08000000   0x08000000   0x000000ec   Data   RO            3    RESET               startup_stm32f103xb.o
    0x080000ec   0x080000ec   0x00000000   Code   RO         3998  * .ARM.Collect$$$$00000000  mc_w.l(entry.o)
    0x080000ec   0x080000ec   0x00000004   Code   RO         4369    .ARM.Collect$$$$00000001  mc_w.l(entry2.o)
    0x080000f0   0x080000f0   0x00000004   Code   RO         4372    .ARM.Collect$$$$00000004  mc_w.l(entry5.o)
    0x080000f4   0x080000f4   0x00000000   Code   RO         4374    .ARM.Collect$$$$00000008  mc_w.l(entry7b.o)
    0x080000f4   0x080000f4   0x00000000   Code   RO         4376    .ARM.Collect$$$$0000000A  mc_w.l(entry8b.o)
    0x080000f4   0x080000f4   0x00000008   Code   RO         4377    .ARM.Collect$$$$0000000B  mc_w.l(entry9a.o)
    0x080000fc   0x080000fc   0x00000000   Code   RO         4379    .ARM.Collect$$$$0000000D  mc_w.l(entry10a.o)
    0x080000fc   0x080000fc   0x00000000   Code   RO         4381    .ARM.Collect$$$$0000000F  mc_w.l(entry11a.o)
    0x080000fc   0x080000fc   0x00000004   Code   RO         4370    .ARM.Collect$$$$00002712  mc_w.l(entry2.o)
    0x08000100   0x08000100   0x00000024   Code   RO            4    .text               startup_stm32f103xb.o
    0x08000124   0x08000124   0x00000020   Code   RO         4001    .text               mc_w.l(llushr.o)
    0x08000144   0x08000144   0x00000024   Code   RO         4003    .text               mc_w.l(memcpya.o)
    0x08000168   0x08000168   0x00000024   Code   RO         4005    .text               mc_w.l(memseta.o)
    0x0800018c   0x0800018c   0x00000024   Code   RO         4007    .text               mc_w.l(strstr.o)
    0x080001b0   0x080001b0   0x00000018   Code   RO         4009    .text               mc_w.l(strncpy.o)
    0x080001c8   0x080001c8   0x0000000e   Code   RO         4011    .text               mc_w.l(strlen.o)
    0x080001d6   0x080001d6   0x0000001c   Code   RO         4013    .text               mc_w.l(strcmp.o)
    0x080001f2   0x080001f2   0x00000012   Code   RO         4015    .text               mc_w.l(strcpy.o)
    0x08000204   0x08000204   0x0000014e   Code   RO         4318    .text               mf_w.l(dadd.o)
    0x08000352   0x08000352   0x000000e4   Code   RO         4320    .text               mf_w.l(dmul.o)
    0x08000436   0x08000436   0x000000de   Code   RO         4322    .text               mf_w.l(ddiv.o)
    0x08000514   0x08000514   0x0000000a   Code   RO         4326    .text               mf_w.l(ffltui.o)
    0x0800051e   0x0800051e   0x00000032   Code   RO         4334    .text               mf_w.l(dfixui.o)
    0x08000550   0x08000550   0x00000026   Code   RO         4336    .text               mf_w.l(f2d.o)
    0x08000576   0x08000576   0x00000002   PAD
    0x08000578   0x08000578   0x00000030   Code   RO         4340    .text               mf_w.l(cdrcmple.o)
    0x080005a8   0x080005a8   0x0000002c   Code   RO         4386    .text               mc_w.l(uidiv.o)
    0x080005d4   0x080005d4   0x00000062   Code   RO         4388    .text               mc_w.l(uldiv.o)
    0x08000636   0x08000636   0x0000001e   Code   RO         4390    .text               mc_w.l(llshl.o)
    0x08000654   0x08000654   0x00000024   Code   RO         4392    .text               mc_w.l(llsshr.o)
    0x08000678   0x08000678   0x00000000   Code   RO         4409    .text               mc_w.l(iusefp.o)
    0x08000678   0x08000678   0x0000006e   Code   RO         4410    .text               mf_w.l(fepilogue.o)
    0x080006e6   0x080006e6   0x000000ba   Code   RO         4412    .text               mf_w.l(depilogue.o)
    0x080007a0   0x080007a0   0x00000030   Code   RO         4418    .text               mf_w.l(dfixul.o)
    0x080007d0   0x080007d0   0x00000024   Code   RO         4424    .text               mc_w.l(init.o)
    0x080007f4   0x080007f4   0x00000056   Code   RO         4477    .text               mc_w.l(__dczerorl2.o)
    0x0800084a   0x0800084a   0x00000002   Code   RO          314    i.BusFault_Handler  stm32f1xx_it.o
    0x0800084c   0x0800084c   0x0000039c   Code   RO          905    i.Ctrl              run.o
    0x08000be8   0x08000be8   0x00000002   Code   RO          315    i.DebugMon_Handler  stm32f1xx_it.o
    0x08000bea   0x08000bea   0x00000016   Code   RO         1022    i.Delay_ms          delay.o
    0x08000c00   0x08000c00   0x00000020   Code   RO         1024    i.Delay_us          delay.o
    0x08000c20   0x08000c20   0x00000014   Code   RO         1404    i.EM2000X_Init      em2000x.o
    0x08000c34   0x08000c34   0x00000040   Code   RO         1405    i.EM2000X_ReceiveData  em2000x.o
    0x08000c74   0x08000c74   0x00000034   Code   RO         1406    i.EM2000X_WaitReceive  em2000x.o
    0x08000ca8   0x08000ca8   0x0000001c   Code   RO         1407    i.EMX2000X_ClearBuff  em2000x.o
    0x08000cc4   0x08000cc4   0x00000004   Code   RO           13    i.Error_Handler     main.o
    0x08000cc8   0x08000cc8   0x00000046   Code   RO         2841    i.HAL_DMA_Abort     stm32f1xx_hal_dma.o
    0x08000d0e   0x08000d0e   0x00000002   PAD
    0x08000d10   0x08000d10   0x00000098   Code   RO         2842    i.HAL_DMA_Abort_IT  stm32f1xx_hal_dma.o
    0x08000da8   0x08000da8   0x000001e0   Code   RO         2777    i.HAL_GPIO_Init     stm32f1xx_hal_gpio.o
    0x08000f88   0x08000f88   0x0000000a   Code   RO         2779    i.HAL_GPIO_ReadPin  stm32f1xx_hal_gpio.o
    0x08000f92   0x08000f92   0x0000000a   Code   RO         2781    i.HAL_GPIO_WritePin  stm32f1xx_hal_gpio.o
    0x08000f9c   0x08000f9c   0x0000000c   Code   RO         2471    i.HAL_GetTick       stm32f1xx_hal.o
    0x08000fa8   0x08000fa8   0x00000010   Code   RO         2477    i.HAL_IncTick       stm32f1xx_hal.o
    0x08000fb8   0x08000fb8   0x00000024   Code   RO         2478    i.HAL_Init          stm32f1xx_hal.o
    0x08000fdc   0x08000fdc   0x00000040   Code   RO         2479    i.HAL_InitTick      stm32f1xx_hal.o
    0x0800101c   0x0800101c   0x0000003c   Code   RO          420    i.HAL_MspInit       stm32f1xx_hal_msp.o
    0x08001058   0x08001058   0x0000001a   Code   RO         2937    i.HAL_NVIC_EnableIRQ  stm32f1xx_hal_cortex.o
    0x08001072   0x08001072   0x00000002   PAD
    0x08001074   0x08001074   0x00000040   Code   RO         2943    i.HAL_NVIC_SetPriority  stm32f1xx_hal_cortex.o
    0x080010b4   0x080010b4   0x00000024   Code   RO         2944    i.HAL_NVIC_SetPriorityGrouping  stm32f1xx_hal_cortex.o
    0x080010d8   0x080010d8   0x0000012c   Code   RO         2635    i.HAL_RCC_ClockConfig  stm32f1xx_hal_rcc.o
    0x08001204   0x08001204   0x00000020   Code   RO         2642    i.HAL_RCC_GetPCLK1Freq  stm32f1xx_hal_rcc.o
    0x08001224   0x08001224   0x00000020   Code   RO         2643    i.HAL_RCC_GetPCLK2Freq  stm32f1xx_hal_rcc.o
    0x08001244   0x08001244   0x0000004c   Code   RO         2644    i.HAL_RCC_GetSysClockFreq  stm32f1xx_hal_rcc.o
    0x08001290   0x08001290   0x00000320   Code   RO         2647    i.HAL_RCC_OscConfig  stm32f1xx_hal_rcc.o
    0x080015b0   0x080015b0   0x00000028   Code   RO         2948    i.HAL_SYSTICK_Config  stm32f1xx_hal_cortex.o
    0x080015d8   0x080015d8   0x00000002   Code   RO         2193    i.HAL_TIMEx_BreakCallback  stm32f1xx_hal_tim_ex.o
    0x080015da   0x080015da   0x00000002   Code   RO         2194    i.HAL_TIMEx_CommutCallback  stm32f1xx_hal_tim_ex.o
    0x080015dc   0x080015dc   0x00000068   Code   RO         2212    i.HAL_TIMEx_MasterConfigSynchronization  stm32f1xx_hal_tim_ex.o
    0x08001644   0x08001644   0x0000005a   Code   RO         1489    i.HAL_TIM_Base_Init  stm32f1xx_hal_tim.o
    0x0800169e   0x0800169e   0x00000002   PAD
    0x080016a0   0x080016a0   0x00000060   Code   RO          189    i.HAL_TIM_Base_MspInit  tim.o
    0x08001700   0x08001700   0x00000058   Code   RO         1494    i.HAL_TIM_Base_Start_IT  stm32f1xx_hal_tim.o
    0x08001758   0x08001758   0x000000dc   Code   RO         1498    i.HAL_TIM_ConfigClockSource  stm32f1xx_hal_tim.o
    0x08001834   0x08001834   0x00000002   Code   RO         1523    i.HAL_TIM_IC_CaptureCallback  stm32f1xx_hal_tim.o
    0x08001836   0x08001836   0x00000130   Code   RO         1537    i.HAL_TIM_IRQHandler  stm32f1xx_hal_tim.o
    0x08001966   0x08001966   0x00000002   PAD
    0x08001968   0x08001968   0x0000004c   Code   RO          190    i.HAL_TIM_MspPostInit  tim.o
    0x080019b4   0x080019b4   0x00000002   Code   RO         1540    i.HAL_TIM_OC_DelayElapsedCallback  stm32f1xx_hal_tim.o
    0x080019b6   0x080019b6   0x000000cc   Code   RO         1561    i.HAL_TIM_PWM_ConfigChannel  stm32f1xx_hal_tim.o
    0x08001a82   0x08001a82   0x0000005a   Code   RO         1564    i.HAL_TIM_PWM_Init  stm32f1xx_hal_tim.o
    0x08001adc   0x08001adc   0x00000028   Code   RO          192    i.HAL_TIM_PWM_MspInit  tim.o
    0x08001b04   0x08001b04   0x00000002   Code   RO         1567    i.HAL_TIM_PWM_PulseFinishedCallback  stm32f1xx_hal_tim.o
    0x08001b06   0x08001b06   0x00000002   PAD
    0x08001b08   0x08001b08   0x0000009c   Code   RO         1569    i.HAL_TIM_PWM_Start  stm32f1xx_hal_tim.o
    0x08001ba4   0x08001ba4   0x0000008c   Code   RO         1277    i.HAL_TIM_PeriodElapsedCallback  timer.o
    0x08001c30   0x08001c30   0x00000002   Code   RO         1580    i.HAL_TIM_TriggerCallback  stm32f1xx_hal_tim.o
    0x08001c32   0x08001c32   0x00000002   Code   RO         3449    i.HAL_UARTEx_RxEventCallback  stm32f1xx_hal_uart.o
    0x08001c34   0x08001c34   0x00000002   Code   RO         3463    i.HAL_UART_ErrorCallback  stm32f1xx_hal_uart.o
    0x08001c36   0x08001c36   0x00000002   PAD
    0x08001c38   0x08001c38   0x0000026c   Code   RO         3466    i.HAL_UART_IRQHandler  stm32f1xx_hal_uart.o
    0x08001ea4   0x08001ea4   0x00000064   Code   RO         3467    i.HAL_UART_Init     stm32f1xx_hal_uart.o
    0x08001f08   0x08001f08   0x00000134   Code   RO          261    i.HAL_UART_MspInit  usart.o
    0x0800203c   0x0800203c   0x0000001c   Code   RO         3472    i.HAL_UART_Receive_IT  stm32f1xx_hal_uart.o
    0x08002058   0x08002058   0x00000064   Code   RO          990    i.HAL_UART_RxCpltCallback  uart.o
    0x080020bc   0x080020bc   0x00000002   Code   RO         3478    i.HAL_UART_TxCpltCallback  stm32f1xx_hal_uart.o
    0x080020be   0x080020be   0x00000002   Code   RO          316    i.HardFault_Handler  stm32f1xx_it.o
    0x080020c0   0x080020c0   0x0000001c   Code   RO          809    i.I2C_R_SDA         iic.o
    0x080020dc   0x080020dc   0x00000026   Code   RO          814    i.I2C_SendByte      iic.o
    0x08002102   0x08002102   0x0000001e   Code   RO          815    i.I2C_Start         iic.o
    0x08002120   0x08002120   0x00000018   Code   RO          816    i.I2C_Stop          iic.o
    0x08002138   0x08002138   0x00000020   Code   RO          817    i.I2C_W_SCL         iic.o
    0x08002158   0x08002158   0x00000020   Code   RO          818    i.I2C_W_SDA         iic.o
    0x08002178   0x08002178   0x0000001e   Code   RO          819    i.I2C_WaitAck       iic.o
    0x08002196   0x08002196   0x00000002   PAD
    0x08002198   0x08002198   0x00000048   Code   RO          820    i.I2C_WriteReg      iic.o
    0x080021e0   0x080021e0   0x00000042   Code   RO          821    i.I2C_Write_Regs    iic.o
    0x08002222   0x08002222   0x0000000c   Code   RO         3882    i.IIC_Dev_WriteReg  iic_manager.o
    0x0800222e   0x0800222e   0x00000012   Code   RO         3883    i.IIC_Dev_Write_Regs  iic_manager.o
    0x08002240   0x08002240   0x00000208   Code   RO          906    i.Init              run.o
    0x08002448   0x08002448   0x00000010   Code   RO         1057    i.JQ8900_Init       jq8900.o
    0x08002458   0x08002458   0x0000004a   Code   RO         1058    i.JQ8900_Play       jq8900.o
    0x080024a2   0x080024a2   0x00000002   PAD
    0x080024a4   0x080024a4   0x00000010   Code   RO         1059    i.JQ8900_Read_Bus   jq8900.o
    0x080024b4   0x080024b4   0x00000062   Code   RO         1060    i.JQ8900_Send_Cmd   jq8900.o
    0x08002516   0x08002516   0x0000002c   Code   RO         1061    i.JQ8900_Set_Volume  jq8900.o
    0x08002542   0x08002542   0x00000002   PAD
    0x08002544   0x08002544   0x00000014   Code   RO         1062    i.JQ8900_W_GPIO     jq8900.o
    0x08002558   0x08002558   0x00000074   Code   RO         1115    i.Key_Dev_Reg       key.o
    0x080025cc   0x080025cc   0x000000b8   Code   RO         1116    i.Key_Tim_ISR_Opr   key.o
    0x08002684   0x08002684   0x00000006   Code   RO         1117    i.Key_Tim_Init      key.o
    0x0800268a   0x0800268a   0x00000002   PAD
    0x0800268c   0x0800268c   0x00000090   Code   RO         1118    i.Key_Tim_Opr       key.o
    0x0800271c   0x0800271c   0x000000b8   Code   RO          164    i.MX_GPIO_Init      gpio.o
    0x080027d4   0x080027d4   0x0000006c   Code   RO          193    i.MX_TIM1_Init      tim.o
    0x08002840   0x08002840   0x00000068   Code   RO          194    i.MX_TIM2_Init      tim.o
    0x080028a8   0x080028a8   0x00000080   Code   RO          195    i.MX_TIM4_Init      tim.o
    0x08002928   0x08002928   0x00000038   Code   RO          262    i.MX_USART1_UART_Init  usart.o
    0x08002960   0x08002960   0x00000038   Code   RO          263    i.MX_USART2_UART_Init  usart.o
    0x08002998   0x08002998   0x00000038   Code   RO          264    i.MX_USART3_UART_Init  usart.o
    0x080029d0   0x080029d0   0x00000002   Code   RO          317    i.MemManage_Handler  stm32f1xx_it.o
    0x080029d2   0x080029d2   0x00000002   Code   RO          318    i.NMI_Handler       stm32f1xx_it.o
    0x080029d4   0x080029d4   0x00000028   Code   RO          566    i.OLED_Clear        oled.o
    0x080029fc   0x080029fc   0x0000005c   Code   RO          567    i.OLED_ClearArea    oled.o
    0x08002a58   0x08002a58   0x000000ac   Code   RO          576    i.OLED_IIC_Init     oled.o
    0x08002b04   0x08002b04   0x00000034   Code   RO          577    i.OLED_IIC_SoftwareReg  oled.o
    0x08002b38   0x08002b38   0x0000000e   Code   RO          579    i.OLED_Pow          oled.o
    0x08002b46   0x08002b46   0x00000022   Code   RO          583    i.OLED_SetCursor    oled.o
    0x08002b68   0x08002b68   0x0000003c   Code   RO          585    i.OLED_ShowChar     oled.o
    0x08002ba4   0x08002ba4   0x0000008c   Code   RO          586    i.OLED_ShowChinese  oled.o
    0x08002c30   0x08002c30   0x000000bc   Code   RO          589    i.OLED_ShowImage    oled.o
    0x08002cec   0x08002cec   0x00000046   Code   RO          590    i.OLED_ShowNum      oled.o
    0x08002d32   0x08002d32   0x0000002c   Code   RO          592    i.OLED_ShowString   oled.o
    0x08002d5e   0x08002d5e   0x00000002   PAD
    0x08002d60   0x08002d60   0x00000028   Code   RO          593    i.OLED_Update       oled.o
    0x08002d88   0x08002d88   0x00000010   Code   RO          595    i.OLED_WriteCommand  oled.o
    0x08002d98   0x08002d98   0x00000010   Code   RO          596    i.OLED_WriteData    oled.o
    0x08002da8   0x08002da8   0x000001d8   Code   RO          907    i.Page              run.o
    0x08002f80   0x08002f80   0x00000002   Code   RO          319    i.PendSV_Handler    stm32f1xx_it.o
    0x08002f82   0x08002f82   0x00000002   PAD
    0x08002f84   0x08002f84   0x00000078   Code   RO         1165    i.Plate_Check       platenumber.o
    0x08002ffc   0x08002ffc   0x0000000c   Code   RO         1166    i.Plate_Clear_RxBuff2  platenumber.o
    0x08003008   0x08003008   0x00000010   Code   RO         1167    i.Plate_Dev_Init    platenumber.o
    0x08003018   0x08003018   0x0000002c   Code   RO         1168    i.Plate_Dev_Reg     platenumber.o
    0x08003044   0x08003044   0x0000003c   Code   RO         1169    i.Plate_Font        platenumber.o
    0x08003080   0x08003080   0x00000008   Code   RO         1170    i.Plate_Get_StrData  platenumber.o
    0x08003088   0x08003088   0x00000060   Code   RO         1171    i.Plate_RX_DATA     platenumber.o
    0x080030e8   0x080030e8   0x00000088   Code   RO         1172    i.Plate_UART_Dev_Data_Dispose  platenumber.o
    0x08003170   0x08003170   0x000000c0   Code   RO         1173    i.Plate_UART_Switch  platenumber.o
    0x08003230   0x08003230   0x00000034   Code   RO          908    i.Pressures_GetValue  run.o
    0x08003264   0x08003264   0x0000001c   Code   RO         3885    i.RegisterIIC       iic_manager.o
    0x08003280   0x08003280   0x00000020   Code   RO         3949    i.RegisterTim       tim_manager.o
    0x080032a0   0x080032a0   0x00000020   Code   RO         3838    i.RegisterUart      uart_manager.o
    0x080032c0   0x080032c0   0x00000034   Code   RO          909    i.Run               run.o
    0x080032f4   0x080032f4   0x00000002   Code   RO          320    i.SVC_Handler       stm32f1xx_it.o
    0x080032f6   0x080032f6   0x00000002   PAD
    0x080032f8   0x080032f8   0x00000028   Code   RO         3886    i.SelectDefaultIIC  iic_manager.o
    0x08003320   0x08003320   0x00000028   Code   RO         3950    i.SelectDefaultTim  tim_manager.o
    0x08003348   0x08003348   0x00000028   Code   RO         3839    i.SelectDefaultUart  uart_manager.o
    0x08003370   0x08003370   0x000000a4   Code   RO         1240    i.Servo_Dev_Reg     servo.o
    0x08003414   0x08003414   0x00000054   Code   RO         1241    i.Servo_SetAnagl    servo.o
    0x08003468   0x08003468   0x00000020   Code   RO         1242    i.Servo_Tim_Dev_Start  servo.o
    0x08003488   0x08003488   0x00000004   Code   RO          321    i.SysTick_Handler   stm32f1xx_it.o
    0x0800348c   0x0800348c   0x0000005e   Code   RO           14    i.SystemClock_Config  main.o
    0x080034ea   0x080034ea   0x00000002   Code   RO         3801    i.SystemInit        system_stm32f1xx.o
    0x080034ec   0x080034ec   0x0000000c   Code   RO          322    i.TIM1_UP_IRQHandler  stm32f1xx_it.o
    0x080034f8   0x080034f8   0x0000000c   Code   RO          323    i.TIM2_IRQHandler   stm32f1xx_it.o
    0x08003504   0x08003504   0x00000078   Code   RO         1582    i.TIM_Base_SetConfig  stm32f1xx_hal_tim.o
    0x0800357c   0x0800357c   0x0000001a   Code   RO         1583    i.TIM_CCxChannelCmd  stm32f1xx_hal_tim.o
    0x08003596   0x08003596   0x00000014   Code   RO         1593    i.TIM_ETR_SetConfig  stm32f1xx_hal_tim.o
    0x080035aa   0x080035aa   0x00000010   Code   RO         1594    i.TIM_ITRx_SetConfig  stm32f1xx_hal_tim.o
    0x080035ba   0x080035ba   0x00000002   PAD
    0x080035bc   0x080035bc   0x00000050   Code   RO         1595    i.TIM_OC1_SetConfig  stm32f1xx_hal_tim.o
    0x0800360c   0x0800360c   0x00000058   Code   RO         1596    i.TIM_OC2_SetConfig  stm32f1xx_hal_tim.o
    0x08003664   0x08003664   0x00000058   Code   RO         1597    i.TIM_OC3_SetConfig  stm32f1xx_hal_tim.o
    0x080036bc   0x080036bc   0x00000044   Code   RO         1598    i.TIM_OC4_SetConfig  stm32f1xx_hal_tim.o
    0x08003700   0x08003700   0x00000022   Code   RO         1600    i.TIM_TI1_ConfigInputStage  stm32f1xx_hal_tim.o
    0x08003722   0x08003722   0x00000024   Code   RO         1602    i.TIM_TI2_ConfigInputStage  stm32f1xx_hal_tim.o
    0x08003746   0x08003746   0x00000002   PAD
    0x08003748   0x08003748   0x0000000c   Code   RO         3951    i.Tim_Get_Devs      tim_manager.o
    0x08003754   0x08003754   0x00000010   Code   RO         3480    i.UART_DMAAbortOnError  stm32f1xx_hal_uart.o
    0x08003764   0x08003764   0x0000004e   Code   RO         3490    i.UART_EndRxTransfer  stm32f1xx_hal_uart.o
    0x080037b2   0x080037b2   0x00000002   PAD
    0x080037b4   0x080037b4   0x0000000c   Code   RO         3840    i.UART_Get_Devs     uart_manager.o
    0x080037c0   0x080037c0   0x000000c2   Code   RO         3492    i.UART_Receive_IT   stm32f1xx_hal_uart.o
    0x08003882   0x08003882   0x00000002   PAD
    0x08003884   0x08003884   0x000000b8   Code   RO         3493    i.UART_SetConfig    stm32f1xx_hal_uart.o
    0x0800393c   0x0800393c   0x00000036   Code   RO         3495    i.UART_Start_Receive_IT  stm32f1xx_hal_uart.o
    0x08003972   0x08003972   0x00000002   PAD
    0x08003974   0x08003974   0x0000000c   Code   RO          324    i.USART1_IRQHandler  stm32f1xx_it.o
    0x08003980   0x08003980   0x0000000c   Code   RO          325    i.USART2_IRQHandler  stm32f1xx_it.o
    0x0800398c   0x0800398c   0x0000000c   Code   RO          326    i.USART3_IRQHandler  stm32f1xx_it.o
    0x08003998   0x08003998   0x00000002   Code   RO          327    i.UsageFault_Handler  stm32f1xx_it.o
    0x0800399a   0x0800399a   0x00000002   PAD
    0x0800399c   0x0800399c   0x00000028   Code   RO         4254    i.__0sprintf        mc_w.l(printfa.o)
    0x080039c4   0x080039c4   0x00000020   Code   RO         2950    i.__NVIC_SetPriority  stm32f1xx_hal_cortex.o
    0x080039e4   0x080039e4   0x0000000e   Code   RO         4471    i.__scatterload_copy  mc_w.l(handlers.o)
    0x080039f2   0x080039f2   0x00000002   Code   RO         4472    i.__scatterload_null  mc_w.l(handlers.o)
    0x080039f4   0x080039f4   0x0000000e   Code   RO         4473    i.__scatterload_zeroinit  mc_w.l(handlers.o)
    0x08003a02   0x08003a02   0x00000002   PAD
    0x08003a04   0x08003a04   0x00000184   Code   RO         4259    i._fp_digits        mc_w.l(printfa.o)
    0x08003b88   0x08003b88   0x000006dc   Code   RO         4260    i._printf_core      mc_w.l(printfa.o)
    0x08004264   0x08004264   0x00000024   Code   RO         4261    i._printf_post_padding  mc_w.l(printfa.o)
    0x08004288   0x08004288   0x0000002e   Code   RO         4262    i._printf_pre_padding  mc_w.l(printfa.o)
    0x080042b6   0x080042b6   0x0000000a   Code   RO         4264    i._sputc            mc_w.l(printfa.o)
    0x080042c0   0x080042c0   0x0000002e   Code   RO           15    i.main              main.o
    0x080042ee   0x080042ee   0x00000002   PAD
    0x080042f0   0x080042f0   0x0000006c   Code   RO         4281    i.malloc            mc_w.l(malloc.o)
    0x0800435c   0x0800435c   0x000005f0   Data   RO          791    .constdata          oled_data.o
    0x0800494c   0x0800494c   0x0000023a   Data   RO          792    .constdata          oled_data.o
    0x08004b86   0x08004b86   0x000018bf   Data   RO          793    .constdata          oled_data.o
    0x08006445   0x08006445   0x000000d0   Data   RO         1175    .constdata          platenumber.o
    0x08006515   0x08006515   0x00000012   Data   RO         2648    .constdata          stm32f1xx_hal_rcc.o
    0x08006527   0x08006527   0x00000010   Data   RO         3802    .constdata          system_stm32f1xx.o
    0x08006537   0x08006537   0x00000008   Data   RO         3803    .constdata          system_stm32f1xx.o
    0x0800653f   0x0800653f   0x00000001   PAD
    0x08006540   0x08006540   0x00000020   Data   RO         4469    Region$$Table       anon$$obj.o


    Execution Region RW_IRAM1 (Exec base: 0x20000000, Load base: 0x08006560, Size: 0x00001f20, Max: 0x00005000, ABSOLUTE, COMPRESSED[0x00000058])

    Exec Addr    Load Addr    Size         Type   Attr      Idx    E Section Name        Object

    0x20000000   COMPRESSED   0x0000003c   Data   RW          599    .data               oled.o
    0x2000003c   COMPRESSED   0x00000010   Data   RW          822    .data               iic.o
    0x2000004c   COMPRESSED   0x0000002c   Data   RW          911    .data               run.o
    0x20000078   COMPRESSED   0x00000004   Data   RW          992    .data               uart.o
    0x2000007c   COMPRESSED   0x00000010   Data   RW         1063    .data               jq8900.o
    0x2000008c   COMPRESSED   0x000000a8   Data   RW         1120    .data               key.o
    0x20000134   COMPRESSED   0x00000a0c   Data   RW         1176    .data               platenumber.o
    0x20000b40   COMPRESSED   0x00000002   Data   RW         1410    .data               em2000x.o
    0x20000b42   COMPRESSED   0x00000002   PAD
    0x20000b44   COMPRESSED   0x0000000c   Data   RW         2485    .data               stm32f1xx_hal.o
    0x20000b50   COMPRESSED   0x00000004   Data   RW         3804    .data               system_stm32f1xx.o
    0x20000b54   COMPRESSED   0x00000008   Data   RW         3841    .data               uart_manager.o
    0x20000b5c   COMPRESSED   0x00000008   Data   RW         3887    .data               iic_manager.o
    0x20000b64   COMPRESSED   0x00000008   Data   RW         3952    .data               tim_manager.o
    0x20000b6c   COMPRESSED   0x00000004   Data   RW         4394    .data               mc_w.l(mvars.o)
    0x20000b70   COMPRESSED   0x00000004   Data   RW         4395    .data               mc_w.l(mvars.o)
    0x20000b74        -       0x000000d8   Zero   RW          196    .bss                tim.o
    0x20000c4c        -       0x000000d8   Zero   RW          265    .bss                usart.o
    0x20000d24        -       0x00000400   Zero   RW          598    .bss                oled.o
    0x20001124        -       0x00000124   Zero   RW          910    .bss                run.o
    0x20001248        -       0x00000320   Zero   RW          991    .bss                uart.o
    0x20001568        -       0x0000003c   Zero   RW         1119    .bss                key.o
    0x200015a4        -       0x00000059   Zero   RW         1174    .bss                platenumber.o
    0x200015fd        -       0x00000320   Zero   RW         1408    .bss                em2000x.o
    0x2000191d   COMPRESSED   0x00000003   PAD
    0x20001920        -       0x00000200   Zero   RW            2    HEAP                startup_stm32f103xb.o
    0x20001b20        -       0x00000400   Zero   RW            1    STACK               startup_stm32f103xb.o


==============================================================================

Image component sizes


      Code (inc. data)   RO Data    RW Data    ZI Data      Debug   Object Name

        54          0          0          0          0       1232   delay.o
       164         34          0          2        800       3062   em2000x.o
         0          0          0          0          0       3468   esp8266.o
       184         12          0          0          0        971   gpio.o
       352         20          0         16          0       5302   iic.o
        98         12          0          8          0       3991   iic_manager.o
       268         16          0         16          0       4148   jq8900.o
       450         36          0        168         60       4533   key.o
       144          0          0          0          0     427748   main.o
       978         54          0         60       1024      10610   oled.o
         0          0       8425          0          0       1142   oled_data.o
       684         48        208       2572         89       6855   platenumber.o
      2020        284          0         44        292       7883   run.o
       280         20          0          0          0       2232   servo.o
        36          8        236          0       1536        808   startup_stm32f103xb.o
       128         24          0         12          0       5369   stm32f1xx_hal.o
       198         14          0          0          0      29003   stm32f1xx_hal_cortex.o
       222          4          0          0          0       1799   stm32f1xx_hal_dma.o
       500         34          0          0          0       3551   stm32f1xx_hal_gpio.o
        60          8          0          0          0        894   stm32f1xx_hal_msp.o
      1240         84         18          0          0       5172   stm32f1xx_hal_rcc.o
      1736         56          0          0          0      15840   stm32f1xx_hal_tim.o
       108         12          0          0          0       2441   stm32f1xx_hal_tim_ex.o
      1280         10          0          0          0       8956   stm32f1xx_hal_uart.o
        80         30          0          0          0       6181   stm32f1xx_it.o
         2          0         24          4          0       1143   system_stm32f1xx.o
       552         58          0          0        216       4204   tim.o
        84         16          0          8          0       2938   tim_manager.o
       140          6          0          0          0       1086   timer.o
       100         18          0          4        800       1272   uart.o
        84         16          0          8          0       3411   uart_manager.o
       476         50          0          0        216       3112   usart.o

    ----------------------------------------------------------------------
     12742        984       8944       2924       5036     580357   Object Totals
         0          0         32          0          0          0   (incl. Generated)
        40          0          1          2          3          0   (incl. Padding)

    ----------------------------------------------------------------------

      Code (inc. data)   RO Data    RW Data    ZI Data      Debug   Library Member Name

        86          0          0          0          0          0   __dczerorl2.o
         0          0          0          0          0          0   entry.o
         0          0          0          0          0          0   entry10a.o
         0          0          0          0          0          0   entry11a.o
         8          4          0          0          0          0   entry2.o
         4          0          0          0          0          0   entry5.o
         0          0          0          0          0          0   entry7b.o
         0          0          0          0          0          0   entry8b.o
         8          4          0          0          0          0   entry9a.o
        30          0          0          0          0          0   handlers.o
        36          8          0          0          0         68   init.o
         0          0          0          0          0          0   iusefp.o
        30          0          0          0          0         68   llshl.o
        36          0          0          0          0         68   llsshr.o
        32          0          0          0          0         68   llushr.o
       108         16          0          0          0         84   malloc.o
        36          0          0          0          0         68   memcpya.o
        36          0          0          0          0        108   memseta.o
         0          0          0          8          0          0   mvars.o
      2276         86          0          0          0        520   printfa.o
        28          0          0          0          0         76   strcmp.o
        18          0          0          0          0         68   strcpy.o
        14          0          0          0          0         68   strlen.o
        24          0          0          0          0         76   strncpy.o
        36          0          0          0          0         80   strstr.o
        44          0          0          0          0         80   uidiv.o
        98          0          0          0          0         92   uldiv.o
        48          0          0          0          0         68   cdrcmple.o
       334          0          0          0          0        148   dadd.o
       222          0          0          0          0        100   ddiv.o
       186          0          0          0          0        176   depilogue.o
        50          0          0          0          0         76   dfixui.o
        48          0          0          0          0         68   dfixul.o
       228          0          0          0          0         96   dmul.o
        38          0          0          0          0         68   f2d.o
       110          0          0          0          0        168   fepilogue.o
        10          0          0          0          0         68   ffltui.o

    ----------------------------------------------------------------------
      4266        118          0          8          0       2628   Library Totals
         4          0          0          0          0          0   (incl. Padding)

    ----------------------------------------------------------------------

      Code (inc. data)   RO Data    RW Data    ZI Data      Debug   Library Name

      2988        118          0          8          0       1592   mc_w.l
      1274          0          0          0          0       1036   mf_w.l

    ----------------------------------------------------------------------
      4266        118          0          8          0       2628   Library Totals

    ----------------------------------------------------------------------

==============================================================================


      Code (inc. data)   RO Data    RW Data    ZI Data      Debug   

     17008       1102       8944       2932       5036     574065   Grand Totals
     17008       1102       8944         88       5036     574065   ELF Image Totals (compressed)
     17008       1102       8944         88          0          0   ROM Totals

==============================================================================

    Total RO  Size (Code + RO Data)                25952 (  25.34kB)
    Total RW  Size (RW Data + ZI Data)              7968 (   7.78kB)
    Total ROM Size (Code + RO Data + RW Data)      26040 (  25.43kB)

==============================================================================

