<html>
<body>
<pre>
<h1>µVision Build Log</h1>
<h2>Tool Versions:</h2>
IDE-Version: ¦ÌVision V5.24.2.0
Copyright (C) 2017 ARM Ltd and ARM Germany GmbH. All rights reserved.
License Information: 1 ex, HP Inc., LIC=QF82M-X423X-Y8RFK-ZKD5W-2YWSJ-C7V6C
 
Tool Versions:
Toolchain:       MDK-ARM Plus  Version: 5.24.1
Toolchain Path:  E:\app\keil\core\ARM\ARMCC\Bin
C Compiler:      Armcc.exe V5.06 update 5 (build 528)
Assembler:       Armasm.exe V5.06 update 5 (build 528)
Linker/Locator:  ArmLink.exe V5.06 update 5 (build 528)
Library Manager: ArmAr.exe V5.06 update 5 (build 528)
Hex Converter:   FromElf.exe V5.06 update 5 (build 528)
CPU DLL:         SARMCM3.DLL V5.24.1
Dialog DLL:      DCM.DLL V1.16.0.0
Target DLL:      STLink\ST-LINKIII-KEIL_SWO.dll V3.0.1.0
Dialog DLL:      TCM.DLL V1.32.0.0
 
<h2>Project:</h2>
C:\Users\ex\Desktop\s\µ¥Æ¬»úÔ´Âë\project\project\project\MDK-ARM\project.uvprojx
Project File Date:  04/13/2026

<h2>Output:</h2>
*** Using Compiler 'V5.06 update 5 (build 528)', folder: 'E:\app\keil\core\ARM\ARMCC\Bin'
Rebuild target 'project'
assembling startup_stm32f103xb.s...
compiling OLED_Data.c...
compiling IIC.c...
compiling stm32f1xx_hal_msp.c...
compiling stm32f1xx_it.c...
compiling gpio.c...
compiling main.c...
compiling UART.c...
compiling delay.c...
compiling tim.c...
compiling usart.c...
compiling Run.c...
..\BSP\Run.c(302): warning:  #1-D: last line of file ends without a newline
  }
..\BSP\Run.c(42): warning:  #177-D: variable "run_loop_counter"  was declared but never referenced
  static uint32_t run_loop_counter = 0;
..\BSP\Run.c(45): warning:  #177-D: function "ESP8266_Send"  was declared but never referenced
  static void ESP8266_Send(uint8_t flag, char *font, char *number, uint8_t stall, uint8_t hour, uint8_t minute, uint8_t sec, uint8_t money)
..\BSP\Run.c: 3 warnings, 0 errors
compiling ESP8266.c...
compiling OLED.c...
compiling stm32f1xx_hal_gpio_ex.c...
compiling JQ8900.c...
compiling servo.c...
compiling platenumber.c...
compiling KEY.c...
compiling TIMER.c...
compiling stm32f1xx_hal.c...
compiling ML307R.c...
compiling EM2000X.c...
compiling stm32f1xx_hal_rcc.c...
compiling stm32f1xx_hal_tim_ex.c...
compiling stm32f1xx_hal_tim.c...
compiling stm32f1xx_hal_cortex.c...
compiling stm32f1xx_hal_gpio.c...
compiling stm32f1xx_hal_flash.c...
compiling stm32f1xx_hal_pwr.c...
compiling stm32f1xx_hal_rcc_ex.c...
compiling system_stm32f1xx.c...
compiling stm32f1xx_hal_flash_ex.c...
compiling stm32f1xx_hal_exti.c...
compiling uart_manager.c...
compiling stm32f1xx_hal_dma.c...
compiling iic_manager.c...
compiling stm32f1xx_hal_uart.c...
compiling tim_manager.c...
linking...
Program Size: Code=17008 RO-data=8944 RW-data=2932 ZI-data=5036  
FromELF: creating hex file...
"project\project.axf" - 0 Error(s), 3 Warning(s).

<h2>Software Packages used:</h2>

Package Vendor: ARM
                http://www.keil.com/pack/ARM.CMSIS.5.0.1.pack
                ARM.CMSIS.5.0.1
                CMSIS (Cortex Microcontroller Software Interface Standard)
   * Component: CORE Version: 5.0.1

Package Vendor: Keil
                http://www.keil.com/pack/Keil.STM32F1xx_DFP.2.2.0.pack
                Keil.STM32F1xx_DFP.2.2.0
                STMicroelectronics STM32F1 Series Device Support, Drivers and Examples

<h2>Collection of Component include folders:</h2>
  .\RTE\_project
  E:\app\keil\core\ARM\PACK\ARM\CMSIS\5.0.1\CMSIS\Include
  E:\app\keil\core\ARM\PACK\Keil\STM32F1xx_DFP\2.2.0\Device\Include

<h2>Collection of Component Files used:</h2>

   * Component: ARM::CMSIS:CORE:5.0.1
Build Time Elapsed:  00:00:12
</pre>
</body>
</html>
